os_cpu_c.c:67:7:OSInitHookBegin	16	static
os_cpu_c.c:101:7:OSInitHookEnd	4	static
os_cpu_c.c:118:7:OSTaskCreateHook	16	static
os_cpu_c.c:141:7:OSTaskDelHook	16	static
os_cpu_c.c:164:7:OSTaskIdleHook	8	static
os_cpu_c.c:186:7:OSTaskReturnHook	16	static
os_cpu_c.c:208:7:OSTaskStatHook	8	static
os_cpu_c.c:245:9:OSTaskStkInit	32	static
os_cpu_c.c:292:7:OSTaskSwHook	8	static
os_cpu_c.c:312:7:OSTCBInitHook	16	static
os_cpu_c.c:334:7:OSTimeTickHook	8	static
os_cpu_c.c:363:7:OS_CPU_SysTickHandler	16	static
os_cpu_c.c:389:7:OS_CPU_SysTickInit	16	static
