os_core.c:110:8:OSEventNameGet	32	static
os_core.c:190:7:OSEventNameSet	32	static
os_core.c:312:9:OSEventPendMulti	48	static
os_core.c:575:7:OSInit	8	static
os_core.c:640:7:OSIntEnter	4	static
os_core.c:668:7:OSIntExit	16	static
os_core.c:741:7:OSSchedLock	16	static
os_core.c:778:7:OSSchedUnlock	16	static
os_core.c:828:7:OSStart	8	static
os_core.c:860:7:OSStatInit	16	static
os_core.c:894:7:OSTimeTick	24	static
os_core.c:980:9:OSVersion	4	static
os_core.c:999:7:OS_Dummy	4	static
os_core.c:1033:8:OS_EventTaskRdy	32	static
os_core.c:1108:7:OS_EventTaskWait	24	static
os_core.c:1142:7:OS_EventTaskWaitMulti	32	static
os_core.c:1185:7:OS_EventTaskRemove	24	static
os_core.c:1215:7:OS_EventTaskRemoveMulti	32	static
os_core.c:1255:7:OS_EventWaitListInit	24	static
os_core.c:1280:15:OS_InitEventList	24	static
os_core.c:1332:15:OS_InitMisc	4	static
os_core.c:1376:15:OS_InitRdyList	16	static
os_core.c:1407:15:OS_InitTaskIdle	40	static
os_core.c:1469:15:OS_InitTaskStat	40	static
os_core.c:1531:15:OS_InitTCBList	24	static
os_core.c:1579:7:OS_MemClr	16	static
os_core.c:1612:7:OS_MemCopy	24	static
os_core.c:1639:7:OS_Sched	16	static
os_core.c:1681:15:OS_SchedNew	16	static
os_core.c:1726:8:OS_StrLen	24	static
os_core.c:1767:7:OS_TaskIdle	24	static
os_core.c:1809:7:OS_TaskStat	24	static
os_core.c:1863:7:OS_TaskStatStkChk	24	static
os_core.c:1935:8:OS_TCBInit	40	static
