Archive member included to satisfy reference by file (symbol)

d:/st/stm32cubeide_1.3.0/stm32cubeide/plugins/com.st.stm32cube.ide.mcu.externaltools.gnu-tools-for-stm32.7-2018-q2-update.win32_1.0.0.201904181610/tools/bin/../lib/gcc/arm-none-eabi/7.3.1/../../../../arm-none-eabi/lib/thumb/v7-m\libc_nano.a(lib_a-errno.o)
                              Core/Src/syscalls.o (__errno)
d:/st/stm32cubeide_1.3.0/stm32cubeide/plugins/com.st.stm32cube.ide.mcu.externaltools.gnu-tools-for-stm32.7-2018-q2-update.win32_1.0.0.201904181610/tools/bin/../lib/gcc/arm-none-eabi/7.3.1/../../../../arm-none-eabi/lib/thumb/v7-m\libc_nano.a(lib_a-exit.o)
                              d:/st/stm32cubeide_1.3.0/stm32cubeide/plugins/com.st.stm32cube.ide.mcu.externaltools.gnu-tools-for-stm32.7-2018-q2-update.win32_1.0.0.201904181610/tools/bin/../lib/gcc/arm-none-eabi/7.3.1/../../../../arm-none-eabi/lib/thumb/v7-m/crt0.o (exit)
d:/st/stm32cubeide_1.3.0/stm32cubeide/plugins/com.st.stm32cube.ide.mcu.externaltools.gnu-tools-for-stm32.7-2018-q2-update.win32_1.0.0.201904181610/tools/bin/../lib/gcc/arm-none-eabi/7.3.1/../../../../arm-none-eabi/lib/thumb/v7-m\libc_nano.a(lib_a-impure.o)
                              d:/st/stm32cubeide_1.3.0/stm32cubeide/plugins/com.st.stm32cube.ide.mcu.externaltools.gnu-tools-for-stm32.7-2018-q2-update.win32_1.0.0.201904181610/tools/bin/../lib/gcc/arm-none-eabi/7.3.1/../../../../arm-none-eabi/lib/thumb/v7-m\libc_nano.a(lib_a-exit.o) (_global_impure_ptr)
d:/st/stm32cubeide_1.3.0/stm32cubeide/plugins/com.st.stm32cube.ide.mcu.externaltools.gnu-tools-for-stm32.7-2018-q2-update.win32_1.0.0.201904181610/tools/bin/../lib/gcc/arm-none-eabi/7.3.1/../../../../arm-none-eabi/lib/thumb/v7-m\libc_nano.a(lib_a-init.o)
                              d:/st/stm32cubeide_1.3.0/stm32cubeide/plugins/com.st.stm32cube.ide.mcu.externaltools.gnu-tools-for-stm32.7-2018-q2-update.win32_1.0.0.201904181610/tools/bin/../lib/gcc/arm-none-eabi/7.3.1/../../../../arm-none-eabi/lib/thumb/v7-m/crt0.o (__libc_init_array)
d:/st/stm32cubeide_1.3.0/stm32cubeide/plugins/com.st.stm32cube.ide.mcu.externaltools.gnu-tools-for-stm32.7-2018-q2-update.win32_1.0.0.201904181610/tools/bin/../lib/gcc/arm-none-eabi/7.3.1/../../../../arm-none-eabi/lib/thumb/v7-m\libc_nano.a(lib_a-memset.o)
                              d:/st/stm32cubeide_1.3.0/stm32cubeide/plugins/com.st.stm32cube.ide.mcu.externaltools.gnu-tools-for-stm32.7-2018-q2-update.win32_1.0.0.201904181610/tools/bin/../lib/gcc/arm-none-eabi/7.3.1/../../../../arm-none-eabi/lib/thumb/v7-m/crt0.o (memset)

Allocating common symbols
Common symbol       size              file

uwTick              0x4               Drivers/STM32F1xx_HAL_Driver/Src/stm32f1xx_hal.o
pFlash              0x20              Drivers/STM32F1xx_HAL_Driver/Src/stm32f1xx_hal_flash.o

Discarded input sections

 .text          0x0000000000000000        0x0 d:/st/stm32cubeide_1.3.0/stm32cubeide/plugins/com.st.stm32cube.ide.mcu.externaltools.gnu-tools-for-stm32.7-2018-q2-update.win32_1.0.0.201904181610/tools/bin/../lib/gcc/arm-none-eabi/7.3.1/thumb/v7-m/crti.o
 .data          0x0000000000000000        0x0 d:/st/stm32cubeide_1.3.0/stm32cubeide/plugins/com.st.stm32cube.ide.mcu.externaltools.gnu-tools-for-stm32.7-2018-q2-update.win32_1.0.0.201904181610/tools/bin/../lib/gcc/arm-none-eabi/7.3.1/thumb/v7-m/crti.o
 .bss           0x0000000000000000        0x0 d:/st/stm32cubeide_1.3.0/stm32cubeide/plugins/com.st.stm32cube.ide.mcu.externaltools.gnu-tools-for-stm32.7-2018-q2-update.win32_1.0.0.201904181610/tools/bin/../lib/gcc/arm-none-eabi/7.3.1/thumb/v7-m/crti.o
 .data          0x0000000000000000        0x4 d:/st/stm32cubeide_1.3.0/stm32cubeide/plugins/com.st.stm32cube.ide.mcu.externaltools.gnu-tools-for-stm32.7-2018-q2-update.win32_1.0.0.201904181610/tools/bin/../lib/gcc/arm-none-eabi/7.3.1/thumb/v7-m/crtbegin.o
 .text          0x0000000000000000       0x74 d:/st/stm32cubeide_1.3.0/stm32cubeide/plugins/com.st.stm32cube.ide.mcu.externaltools.gnu-tools-for-stm32.7-2018-q2-update.win32_1.0.0.201904181610/tools/bin/../lib/gcc/arm-none-eabi/7.3.1/../../../../arm-none-eabi/lib/thumb/v7-m/crt0.o
 .data          0x0000000000000000        0x0 d:/st/stm32cubeide_1.3.0/stm32cubeide/plugins/com.st.stm32cube.ide.mcu.externaltools.gnu-tools-for-stm32.7-2018-q2-update.win32_1.0.0.201904181610/tools/bin/../lib/gcc/arm-none-eabi/7.3.1/../../../../arm-none-eabi/lib/thumb/v7-m/crt0.o
 .bss           0x0000000000000000        0x0 d:/st/stm32cubeide_1.3.0/stm32cubeide/plugins/com.st.stm32cube.ide.mcu.externaltools.gnu-tools-for-stm32.7-2018-q2-update.win32_1.0.0.201904181610/tools/bin/../lib/gcc/arm-none-eabi/7.3.1/../../../../arm-none-eabi/lib/thumb/v7-m/crt0.o
 .ARM.extab     0x0000000000000000        0x0 d:/st/stm32cubeide_1.3.0/stm32cubeide/plugins/com.st.stm32cube.ide.mcu.externaltools.gnu-tools-for-stm32.7-2018-q2-update.win32_1.0.0.201904181610/tools/bin/../lib/gcc/arm-none-eabi/7.3.1/../../../../arm-none-eabi/lib/thumb/v7-m/crt0.o
[...]
Memory Configuration

Name             Origin             Length             Attributes
RAM_DATA         0x0000000020003c00 0x0000000000001400 xrw
RAM_CODE         0x0000000020001400 0x0000000000002800 xrw
FLASH            0x0000000008000000 0x0000000000010000 xr
*default*        0x0000000000000000 0xffffffffffffffff

Linker script and memory map

LOAD d:/st/stm32cubeide_1.3.0/stm32cubeide/plugins/com.st.stm32cube.ide.mcu.externaltools.gnu-tools-for-stm32.7-2018-q2-update.win32_1.0.0.201904181610/tools/bin/../lib/gcc/arm-none-eabi/7.3.1/thumb/v7-m/crti.o
LOAD d:/st/stm32cubeide_1.3.0/stm32cubeide/plugins/com.st.stm32cube.ide.mcu.externaltools.gnu-tools-for-stm32.7-2018-q2-update.win32_1.0.0.201904181610/tools/bin/../lib/gcc/arm-none-eabi/7.3.1/thumb/v7-m/crtbegin.o
LOAD d:/st/stm32cubeide_1.3.0/stm32cubeide/plugins/com.st.stm32cube.ide.mcu.externaltools.gnu-tools-for-stm32.7-2018-q2-update.win32_1.0.0.201904181610/tools/bin/../lib/gcc/arm-none-eabi/7.3.1/../../../../arm-none-eabi/lib/thumb/v7-m/crt0.o
LOAD Core/Src/main.o
LOAD Core/Src/stm32f1xx_hal_msp.o
LOAD Core/Src/stm32f1xx_it.o
LOAD Core/Src/syscalls.o
LOAD Core/Src/sysmem.o
LOAD Core/Src/system_stm32f1xx.o
LOAD Core/Startup/startup_stm32f103c8tx.o
LOAD Drivers/STM32F1xx_HAL_Driver/Src/stm32f1xx_hal.o
LOAD Drivers/STM32F1xx_HAL_Driver/Src/stm32f1xx_hal_cortex.o
LOAD Drivers/STM32F1xx_HAL_Driver/Src/stm32f1xx_hal_dma.o
LOAD Drivers/STM32F1xx_HAL_Driver/Src/stm32f1xx_hal_exti.o
LOAD Drivers/STM32F1xx_HAL_Driver/Src/stm32f1xx_hal_flash.o
LOAD Drivers/STM32F1xx_HAL_Driver/Src/stm32f1xx_hal_flash_ex.o
LOAD Drivers/STM32F1xx_HAL_Driver/Src/stm32f1xx_hal_gpio.o
LOAD Drivers/STM32F1xx_HAL_Driver/Src/stm32f1xx_hal_gpio_ex.o
LOAD Drivers/STM32F1xx_HAL_Driver/Src/stm32f1xx_hal_pwr.o
LOAD Drivers/STM32F1xx_HAL_Driver/Src/stm32f1xx_hal_rcc.o
LOAD Drivers/STM32F1xx_HAL_Driver/Src/stm32f1xx_hal_rcc_ex.o
LOAD Drivers/STM32F1xx_HAL_Driver/Src/stm32f1xx_hal_tim.o
LOAD Drivers/STM32F1xx_HAL_Driver/Src/stm32f1xx_hal_tim_ex.o
START GROUP
LOAD d:/st/stm32cubeide_1.3.0/stm32cubeide/plugins/com.st.stm32cube.ide.mcu.externaltools.gnu-tools-for-stm32.7-2018-q2-update.win32_1.0.0.201904181610/tools/bin/../lib/gcc/arm-none-eabi/7.3.1/../../../../arm-none-eabi/lib/thumb/v7-m\libc_nano.a
LOAD d:/st/stm32cubeide_1.3.0/stm32cubeide/plugins/com.st.stm32cube.ide.mcu.externaltools.gnu-tools-for-stm32.7-2018-q2-update.win32_1.0.0.201904181610/tools/bin/../lib/gcc/arm-none-eabi/7.3.1/../../../../arm-none-eabi/lib/thumb/v7-m\libm.a
END GROUP
START GROUP
LOAD d:/st/stm32cubeide_1.3.0/stm32cubeide/plugins/com.st.stm32cube.ide.mcu.externaltools.gnu-tools-for-stm32.7-2018-q2-update.win32_1.0.0.201904181610/tools/bin/../lib/gcc/arm-none-eabi/7.3.1/thumb/v7-m\libgcc.a
LOAD d:/st/stm32cubeide_1.3.0/stm32cubeide/plugins/com.st.stm32cube.ide.mcu.externaltools.gnu-tools-for-stm32.7-2018-q2-update.win32_1.0.0.201904181610/tools/bin/../lib/gcc/arm-none-eabi/7.3.1/../../../../arm-none-eabi/lib/thumb/v7-m\libc_nano.a
END GROUP
START GROUP
LOAD d:/st/stm32cubeide_1.3.0/stm32cubeide/plugins/com.st.stm32cube.ide.mcu.externaltools.gnu-tools-for-stm32.7-2018-q2-update.win32_1.0.0.201904181610/tools/bin/../lib/gcc/arm-none-eabi/7.3.1/thumb/v7-m\libgcc.a
LOAD d:/st/stm32cubeide_1.3.0/stm32cubeide/plugins/com.st.stm32cube.ide.mcu.externaltools.gnu-tools-for-stm32.7-2018-q2-update.win32_1.0.0.201904181610/tools/bin/../lib/gcc/arm-none-eabi/7.3.1/../../../../arm-none-eabi/lib/thumb/v7-m\libc_nano.a
LOAD d:/st/stm32cubeide_1.3.0/stm32cubeide/plugins/com.st.stm32cube.ide.mcu.externaltools.gnu-tools-for-stm32.7-2018-q2-update.win32_1.0.0.201904181610/tools/bin/../lib/gcc/arm-none-eabi/7.3.1/../../../../arm-none-eabi/lib/thumb/v7-m\libnosys.a
END GROUP
START GROUP
LOAD d:/st/stm32cubeide_1.3.0/stm32cubeide/plugins/com.st.stm32cube.ide.mcu.externaltools.gnu-tools-for-stm32.7-2018-q2-update.win32_1.0.0.201904181610/tools/bin/../lib/gcc/arm-none-eabi/7.3.1/thumb/v7-m\libgcc.a
LOAD d:/st/stm32cubeide_1.3.0/stm32cubeide/plugins/com.st.stm32cube.ide.mcu.externaltools.gnu-tools-for-stm32.7-2018-q2-update.win32_1.0.0.201904181610/tools/bin/../lib/gcc/arm-none-eabi/7.3.1/../../../../arm-none-eabi/lib/thumb/v7-m\libc_nano.a
LOAD d:/st/stm32cubeide_1.3.0/stm32cubeide/plugins/com.st.stm32cube.ide.mcu.externaltools.gnu-tools-for-stm32.7-2018-q2-update.win32_1.0.0.201904181610/tools/bin/../lib/gcc/arm-none-eabi/7.3.1/../../../../arm-none-eabi/lib/thumb/v7-m\libnosys.a
END GROUP
LOAD d:/st/stm32cubeide_1.3.0/stm32cubeide/plugins/com.st.stm32cube.ide.mcu.externaltools.gnu-tools-for-stm32.7-2018-q2-update.win32_1.0.0.201904181610/tools/bin/../lib/gcc/arm-none-eabi/7.3.1/thumb/v7-m/crtend.o
LOAD d:/st/stm32cubeide_1.3.0/stm32cubeide/plugins/com.st.stm32cube.ide.mcu.externaltools.gnu-tools-for-stm32.7-2018-q2-update.win32_1.0.0.201904181610/tools/bin/../lib/gcc/arm-none-eabi/7.3.1/thumb/v7-m/crtn.o
                0x0000000020005000                _estack = (ORIGIN (RAM_DATA) + LENGTH (RAM_DATA))
                0x0000000000000200                _Min_Heap_Size = 0x200
                0x0000000000000400                _Min_Stack_Size = 0x400

.isr_vector     0x0000000020001400      0x10c
                0x0000000020001400                . = ALIGN (0x4)
 *(.isr_vector)
 .isr_vector    0x0000000020001400      0x10c Core/Startup/startup_stm32f103c8tx.o
                0x0000000020001400                g_pfnVectors
                0x000000002000150c                . = ALIGN (0x4)

.text           0x000000002000150c     0x1104
                0x000000002000150c                . = ALIGN (0x4)
 *(.text)
 .text          0x000000002000150c       0x40 d:/st/stm32cubeide_1.3.0/stm32cubeide/plugins/com.st.stm32cube.ide.mcu.externaltools.gnu-tools-for-stm32.7-2018-q2-update.win32_1.0.0.201904181610/tools/bin/../lib/gcc/arm-none-eabi/7.3.1/thumb/v7-m/crtbegin.o
 *(.text*)
 .text.main     0x000000002000154c       0x38 Core/Src/main.o
                0x000000002000154c                main
 .text.SystemClock_Config
                0x0000000020001584       0x80 Core/Src/main.o
                0x0000000020001584                SystemClock_Config
 .text.MX_GPIO_Init
                0x0000000020001604       0x68 Core/Src/main.o
 .text.Error_Handler
                0x000000002000166c        0xc Core/Src/main.o
                0x000000002000166c                Error_Handler
 .text.HAL_MspInit
                0x0000000020001678       0x68 Core/Src/stm32f1xx_hal_msp.o
                0x0000000020001678                HAL_MspInit
 .text.NMI_Handler
                0x00000000200016e0        0xc Core/Src/stm32f1xx_it.o
                0x00000000200016e0                NMI_Handler
 .text.HardFault_Handler
                0x00000000200016ec        0x6 Core/Src/stm32f1xx_it.o
                0x00000000200016ec                HardFault_Handler
 .text.MemManage_Handler
                0x00000000200016f2        0x6 Core/Src/stm32f1xx_it.o
                0x00000000200016f2                MemManage_Handler
 .text.BusFault_Handler
                0x00000000200016f8        0x6 Core/Src/stm32f1xx_it.o
                0x00000000200016f8                BusFault_Handler
 .text.UsageFault_Handler
                0x00000000200016fe        0x6 Core/Src/stm32f1xx_it.o
                0x00000000200016fe                UsageFault_Handler
 .text.SVC_Handler
                0x0000000020001704        0xc Core/Src/stm32f1xx_it.o
                0x0000000020001704                SVC_Handler
 .text.DebugMon_Handler
                0x0000000020001710        0xc Core/Src/stm32f1xx_it.o
                0x0000000020001710                DebugMon_Handler
 .text.PendSV_Handler
                0x000000002000171c        0xc Core/Src/stm32f1xx_it.o
                0x000000002000171c                PendSV_Handler
 .text.SysTick_Handler
                0x0000000020001728        0xc Core/Src/stm32f1xx_it.o
                0x0000000020001728                SysTick_Handler
 .text.SystemInit
                0x0000000020001734       0x68 Core/Src/system_stm32f1xx.o
                0x0000000020001734                SystemInit
 .text.Reset_Handler
                0x000000002000179c       0x48 Core/Startup/startup_stm32f103c8tx.o
                0x000000002000179c                Reset_Handler
 .text.Default_Handler
                0x00000000200017e4        0x2 Core/Startup/startup_stm32f103c8tx.o
                0x00000000200017e4                RTC_Alarm_IRQHandler
                0x00000000200017e4                EXTI2_IRQHandler
                0x00000000200017e4                TIM1_CC_IRQHandler
                0x00000000200017e4                PVD_IRQHandler
                0x00000000200017e4                EXTI3_IRQHandler
                0x00000000200017e4                EXTI0_IRQHandler
                0x00000000200017e4                I2C2_EV_IRQHandler
                0x00000000200017e4                ADC1_2_IRQHandler
                0x00000000200017e4                SPI1_IRQHandler
                0x00000000200017e4                TAMPER_IRQHandler
                0x00000000200017e4                DMA1_Channel4_IRQHandler
                0x00000000200017e4                USART3_IRQHandler
                0x00000000200017e4                RTC_IRQHandler
                0x00000000200017e4                DMA1_Channel7_IRQHandler
                0x00000000200017e4                CAN1_RX1_IRQHandler
                0x00000000200017e4                TIM4_IRQHandler
                0x00000000200017e4                I2C1_EV_IRQHandler
                0x00000000200017e4                DMA1_Channel6_IRQHandler
                0x00000000200017e4                TIM3_IRQHandler
                0x00000000200017e4                RCC_IRQHandler
                0x00000000200017e4                TIM1_TRG_COM_IRQHandler
                0x00000000200017e4                DMA1_Channel1_IRQHandler
                0x00000000200017e4                Default_Handler
                0x00000000200017e4                EXTI15_10_IRQHandler
                0x00000000200017e4                EXTI9_5_IRQHandler
                0x00000000200017e4                SPI2_IRQHandler
                0x00000000200017e4                DMA1_Channel5_IRQHandler
                0x00000000200017e4                EXTI4_IRQHandler
                0x00000000200017e4                USB_LP_CAN1_RX0_IRQHandler
                0x00000000200017e4                USB_HP_CAN1_TX_IRQHandler
                0x00000000200017e4                DMA1_Channel3_IRQHandler
                0x00000000200017e4                TIM1_UP_IRQHandler
                0x00000000200017e4                WWDG_IRQHandler
                0x00000000200017e4                TIM2_IRQHandler
                0x00000000200017e4                TIM1_BRK_IRQHandler
                0x00000000200017e4                EXTI1_IRQHandler
                0x00000000200017e4                USART2_IRQHandler
                0x00000000200017e4                I2C2_ER_IRQHandler
                0x00000000200017e4                DMA1_Channel2_IRQHandler
                0x00000000200017e4                CAN1_SCE_IRQHandler
                0x00000000200017e4                FLASH_IRQHandler
                0x00000000200017e4                USART1_IRQHandler
                0x00000000200017e4                I2C1_ER_IRQHandler
                0x00000000200017e4                USBWakeUp_IRQHandler
 *fill*         0x00000000200017e6        0x2 
 .text.HAL_Init
                0x00000000200017e8       0x2c Drivers/STM32F1xx_HAL_Driver/Src/stm32f1xx_hal.o
                0x00000000200017e8                HAL_Init
 .text.HAL_InitTick
                0x0000000020001814       0x60 Drivers/STM32F1xx_HAL_Driver/Src/stm32f1xx_hal.o
                0x0000000020001814                HAL_InitTick
 .text.HAL_IncTick
                0x0000000020001874       0x24 Drivers/STM32F1xx_HAL_Driver/Src/stm32f1xx_hal.o
                0x0000000020001874                HAL_IncTick
 .text.HAL_GetTick
                0x0000000020001898       0x14 Drivers/STM32F1xx_HAL_Driver/Src/stm32f1xx_hal.o
                0x0000000020001898                HAL_GetTick
 .text.HAL_Delay
                0x00000000200018ac       0x44 Drivers/STM32F1xx_HAL_Driver/Src/stm32f1xx_hal.o
                0x00000000200018ac                HAL_Delay
 .text.__NVIC_SetPriorityGrouping
                0x00000000200018f0       0x48 Drivers/STM32F1xx_HAL_Driver/Src/stm32f1xx_hal_cortex.o
 .text.__NVIC_GetPriorityGrouping
                0x0000000020001938       0x1c Drivers/STM32F1xx_HAL_Driver/Src/stm32f1xx_hal_cortex.o
 .text.__NVIC_SetPriority
                0x0000000020001954       0x54 Drivers/STM32F1xx_HAL_Driver/Src/stm32f1xx_hal_cortex.o
 .text.NVIC_EncodePriority
                0x00000000200019a8       0x64 Drivers/STM32F1xx_HAL_Driver/Src/stm32f1xx_hal_cortex.o
 .text.SysTick_Config
                0x0000000020001a0c       0x44 Drivers/STM32F1xx_HAL_Driver/Src/stm32f1xx_hal_cortex.o
 .text.HAL_NVIC_SetPriorityGrouping
                0x0000000020001a50       0x16 Drivers/STM32F1xx_HAL_Driver/Src/stm32f1xx_hal_cortex.o
                0x0000000020001a50                HAL_NVIC_SetPriorityGrouping
 .text.HAL_NVIC_SetPriority
                0x0000000020001a66       0x38 Drivers/STM32F1xx_HAL_Driver/Src/stm32f1xx_hal_cortex.o
                0x0000000020001a66                HAL_NVIC_SetPriority
 .text.HAL_SYSTICK_Config
                0x0000000020001a9e       0x18 Drivers/STM32F1xx_HAL_Driver/Src/stm32f1xx_hal_cortex.o
                0x0000000020001a9e                HAL_SYSTICK_Config
 *fill*         0x0000000020001ab6        0x2 
 .text.HAL_GPIO_Init
                0x0000000020001ab8      0x2b4 Drivers/STM32F1xx_HAL_Driver/Src/stm32f1xx_hal_gpio.o
                0x0000000020001ab8                HAL_GPIO_Init
 .text.HAL_GPIO_WritePin
                0x0000000020001d6c       0x30 Drivers/STM32F1xx_HAL_Driver/Src/stm32f1xx_hal_gpio.o
                0x0000000020001d6c                HAL_GPIO_WritePin
 .text.HAL_GPIO_TogglePin
                0x0000000020001d9c       0x30 Drivers/STM32F1xx_HAL_Driver/Src/stm32f1xx_hal_gpio.o
                0x0000000020001d9c                HAL_GPIO_TogglePin
 .text.HAL_RCC_OscConfig
                0x0000000020001dcc      0x500 Drivers/STM32F1xx_HAL_Driver/Src/stm32f1xx_hal_rcc.o
                0x0000000020001dcc                HAL_RCC_OscConfig
 .text.HAL_RCC_ClockConfig
                0x00000000200022cc      0x1d4 Drivers/STM32F1xx_HAL_Driver/Src/stm32f1xx_hal_rcc.o
                0x00000000200022cc                HAL_RCC_ClockConfig
 .text.HAL_RCC_GetSysClockFreq
                0x00000000200024a0       0xc4 Drivers/STM32F1xx_HAL_Driver/Src/stm32f1xx_hal_rcc.o
                0x00000000200024a0                HAL_RCC_GetSysClockFreq
 .text.RCC_Delay
                0x0000000020002564       0x3c Drivers/STM32F1xx_HAL_Driver/Src/stm32f1xx_hal_rcc.o
 .text.__libc_init_array
                0x00000000200025a0       0x48 d:/st/stm32cubeide_1.3.0/stm32cubeide/plugins/com.st.stm32cube.ide.mcu.externaltools.gnu-tools-for-stm32.7-2018-q2-update.win32_1.0.0.201904181610/tools/bin/../lib/gcc/arm-none-eabi/7.3.1/../../../../arm-none-eabi/lib/thumb/v7-m\libc_nano.a(lib_a-init.o)
                0x00000000200025a0                __libc_init_array
 .text.memset   0x00000000200025e8       0x10 d:/st/stm32cubeide_1.3.0/stm32cubeide/plugins/com.st.stm32cube.ide.mcu.externaltools.gnu-tools-for-stm32.7-2018-q2-update.win32_1.0.0.201904181610/tools/bin/../lib/gcc/arm-none-eabi/7.3.1/../../../../arm-none-eabi/lib/thumb/v7-m\libc_nano.a(lib_a-memset.o)
                0x00000000200025e8                memset
 *(.glue_7)
 .glue_7        0x00000000200025f8        0x0 linker stubs
 *(.glue_7t)
 .glue_7t       0x00000000200025f8        0x0 linker stubs
 *(.eh_frame)
 .eh_frame      0x00000000200025f8        0x0 d:/st/stm32cubeide_1.3.0/stm32cubeide/plugins/com.st.stm32cube.ide.mcu.externaltools.gnu-tools-for-stm32.7-2018-q2-update.win32_1.0.0.201904181610/tools/bin/../lib/gcc/arm-none-eabi/7.3.1/thumb/v7-m/crtbegin.o
 *(.init)
 .init          0x00000000200025f8        0x4 d:/st/stm32cubeide_1.3.0/stm32cubeide/plugins/com.st.stm32cube.ide.mcu.externaltools.gnu-tools-for-stm32.7-2018-q2-update.win32_1.0.0.201904181610/tools/bin/../lib/gcc/arm-none-eabi/7.3.1/thumb/v7-m/crti.o
                0x00000000200025f8                _init
 .init          0x00000000200025fc        0x8 d:/st/stm32cubeide_1.3.0/stm32cubeide/plugins/com.st.stm32cube.ide.mcu.externaltools.gnu-tools-for-stm32.7-2018-q2-update.win32_1.0.0.201904181610/tools/bin/../lib/gcc/arm-none-eabi/7.3.1/thumb/v7-m/crtn.o
 *(.fini)
 .fini          0x0000000020002604        0x4 d:/st/stm32cubeide_1.3.0/stm32cubeide/plugins/com.st.stm32cube.ide.mcu.externaltools.gnu-tools-for-stm32.7-2018-q2-update.win32_1.0.0.201904181610/tools/bin/../lib/gcc/arm-none-eabi/7.3.1/thumb/v7-m/crti.o
                0x0000000020002604                _fini
 .fini          0x0000000020002608        0x8 d:/st/stm32cubeide_1.3.0/stm32cubeide/plugins/com.st.stm32cube.ide.mcu.externaltools.gnu-tools-for-stm32.7-2018-q2-update.win32_1.0.0.201904181610/tools/bin/../lib/gcc/arm-none-eabi/7.3.1/thumb/v7-m/crtn.o
                0x0000000020002610                . = ALIGN (0x4)
                0x0000000020002610                _etext = .

.vfp11_veneer   0x0000000020002610        0x0
 .vfp11_veneer  0x0000000020002610        0x0 linker stubs

.v4_bx          0x0000000020002610        0x0
 .v4_bx         0x0000000020002610        0x0 linker stubs

.iplt           0x0000000020002610        0x0
 .iplt          0x0000000020002610        0x0 d:/st/stm32cubeide_1.3.0/stm32cubeide/plugins/com.st.stm32cube.ide.mcu.externaltools.gnu-tools-for-stm32.7-2018-q2-update.win32_1.0.0.201904181610/tools/bin/../lib/gcc/arm-none-eabi/7.3.1/thumb/v7-m/crtbegin.o

.rodata         0x0000000020002610       0x24
                0x0000000020002610                . = ALIGN (0x4)
 *(.rodata)
 .rodata        0x0000000020002610       0x12 Drivers/STM32F1xx_HAL_Driver/Src/stm32f1xx_hal_rcc.o
 *(.rodata*)
 *fill*         0x0000000020002622        0x2 
 .rodata.AHBPrescTable
                0x0000000020002624       0x10 Core/Src/system_stm32f1xx.o
                0x0000000020002624                AHBPrescTable
                0x0000000020002634                . = ALIGN (0x4)

.rel.dyn        0x0000000020002634        0x0
 .rel.iplt      0x0000000020002634        0x0 d:/st/stm32cubeide_1.3.0/stm32cubeide/plugins/com.st.stm32cube.ide.mcu.externaltools.gnu-tools-for-stm32.7-2018-q2-update.win32_1.0.0.201904181610/tools/bin/../lib/gcc/arm-none-eabi/7.3.1/thumb/v7-m/crtbegin.o

.ARM.extab      0x0000000020002634        0x0
                0x0000000020002634                . = ALIGN (0x4)
 *(.ARM.extab* .gnu.linkonce.armextab.*)
                0x0000000020002634                . = ALIGN (0x4)

.ARM            0x0000000020002634        0x0
                0x0000000020002634                . = ALIGN (0x4)
                0x0000000020002634                __exidx_start = .
 *(.ARM.exidx*)
                0x0000000020002634                __exidx_end = .
                0x0000000020002634                . = ALIGN (0x4)

.preinit_array  0x0000000020002634        0x0
                0x0000000020002634                . = ALIGN (0x4)
                0x0000000020002634                PROVIDE (__preinit_array_start = .)
 *(.preinit_array*)
                0x0000000020002634                PROVIDE (__preinit_array_end = .)
                0x0000000020002634                . = ALIGN (0x4)

.init_array     0x0000000020002634        0x4
                0x0000000020002634                . = ALIGN (0x4)
                0x0000000020002634                PROVIDE (__init_array_start = .)
 *(SORT_BY_NAME(.init_array.*))
 *(.init_array*)
 .init_array    0x0000000020002634        0x4 d:/st/stm32cubeide_1.3.0/stm32cubeide/plugins/com.st.stm32cube.ide.mcu.externaltools.gnu-tools-for-stm32.7-2018-q2-update.win32_1.0.0.201904181610/tools/bin/../lib/gcc/arm-none-eabi/7.3.1/thumb/v7-m/crtbegin.o
                0x0000000020002638                PROVIDE (__init_array_end = .)
                0x0000000020002638                . = ALIGN (0x4)

.fini_array     0x0000000020002638        0x4
                0x0000000020002638                . = ALIGN (0x4)
                [!provide]                        PROVIDE (__fini_array_start = .)
 *(SORT_BY_NAME(.fini_array.*))
 *(.fini_array*)
 .fini_array    0x0000000020002638        0x4 d:/st/stm32cubeide_1.3.0/stm32cubeide/plugins/com.st.stm32cube.ide.mcu.externaltools.gnu-tools-for-stm32.7-2018-q2-update.win32_1.0.0.201904181610/tools/bin/../lib/gcc/arm-none-eabi/7.3.1/thumb/v7-m/crtbegin.o
                [!provide]                        PROVIDE (__fini_array_end = .)
                0x000000002000263c                . = ALIGN (0x4)
                0x000000002000263c                _sidata = LOADADDR (.data)

.data           0x0000000020003c00        0xc load address 0x000000002000263c
                0x0000000020003c00                . = ALIGN (0x4)
                0x0000000020003c00                _sdata = .
 *(.data)
 *(.data*)
 .data.SystemCoreClock
                0x0000000020003c00        0x4 Core/Src/system_stm32f1xx.o
                0x0000000020003c00                SystemCoreClock
 .data.uwTickPrio
                0x0000000020003c04        0x4 Drivers/STM32F1xx_HAL_Driver/Src/stm32f1xx_hal.o
                0x0000000020003c04                uwTickPrio
 .data.uwTickFreq
                0x0000000020003c08        0x1 Drivers/STM32F1xx_HAL_Driver/Src/stm32f1xx_hal.o
                0x0000000020003c08                uwTickFreq
                0x0000000020003c0c                . = ALIGN (0x4)
 *fill*         0x0000000020003c09        0x3 
                0x0000000020003c0c                _edata = .

.igot.plt       0x0000000020003c0c        0x0 load address 0x0000000020002648
 .igot.plt      0x0000000020003c0c        0x0 d:/st/stm32cubeide_1.3.0/stm32cubeide/plugins/com.st.stm32cube.ide.mcu.externaltools.gnu-tools-for-stm32.7-2018-q2-update.win32_1.0.0.201904181610/tools/bin/../lib/gcc/arm-none-eabi/7.3.1/thumb/v7-m/crtbegin.o
                0x0000000020003c0c                . = ALIGN (0x4)

.bss            0x0000000020003c0c       0x20 load address 0x0000000020002648
                0x0000000020003c0c                _sbss = .
                0x0000000020003c0c                __bss_start__ = _sbss
 *(.bss)
 .bss           0x0000000020003c0c       0x1c d:/st/stm32cubeide_1.3.0/stm32cubeide/plugins/com.st.stm32cube.ide.mcu.externaltools.gnu-tools-for-stm32.7-2018-q2-update.win32_1.0.0.201904181610/tools/bin/../lib/gcc/arm-none-eabi/7.3.1/thumb/v7-m/crtbegin.o
 *(.bss*)
 *(COMMON)
 COMMON         0x0000000020003c28        0x4 Drivers/STM32F1xx_HAL_Driver/Src/stm32f1xx_hal.o
                0x0000000020003c28                uwTick
                0x0000000020003c2c                . = ALIGN (0x4)
                0x0000000020003c2c                _ebss = .
                0x0000000020003c2c                __bss_end__ = _ebss

._user_heap_stack
                0x0000000020003c2c      0x604 load address 0x0000000020002648
                0x0000000020003c30                . = ALIGN (0x8)
 *fill*         0x0000000020003c2c        0x4 
                0x0000000020003c30                PROVIDE (end = .)
                [!provide]                        PROVIDE (_end = .)
                0x0000000020003e30                . = (. + _Min_Heap_Size)
 *fill*         0x0000000020003c30      0x200 
                0x0000000020004230                . = (. + _Min_Stack_Size)
 *fill*         0x0000000020003e30      0x400 
                0x0000000020004230                . = ALIGN (0x8)

/DISCARD/
 libc.a(*)
 libm.a(*)
 libgcc.a(*)

.ARM.attributes
                0x0000000000000000       0x29
 *(.ARM.attributes)
 .ARM.attributes
                0x0000000000000000       0x1d d:/st/stm32cubeide_1.3.0/stm32cubeide/plugins/com.st.stm32cube.ide.mcu.externaltools.gnu-tools-for-stm32.7-2018-q2-update.win32_1.0.0.201904181610/tools/bin/../lib/gcc/arm-none-eabi/7.3.1/thumb/v7-m/crti.o
 .ARM.attributes
                0x000000000000001d       0x2d d:/st/stm32cubeide_1.3.0/stm32cubeide/plugins/com.st.stm32cube.ide.mcu.externaltools.gnu-tools-for-stm32.7-2018-q2-update.win32_1.0.0.201904181610/tools/bin/../lib/gcc/arm-none-eabi/7.3.1/thumb/v7-m/crtbegin.o
 .ARM.attributes
                0x000000000000004a       0x33 Core/Src/main.o
 .ARM.attributes
                0x000000000000007d       0x33 Core/Src/stm32f1xx_hal_msp.o
 .ARM.attributes
                0x00000000000000b0       0x33 Core/Src/stm32f1xx_it.o
 .ARM.attributes
                0x00000000000000e3       0x33 Core/Src/system_stm32f1xx.o
 .ARM.attributes
                0x0000000000000116       0x21 Core/Startup/startup_stm32f103c8tx.o
 .ARM.attributes
                0x0000000000000137       0x33 Drivers/STM32F1xx_HAL_Driver/Src/stm32f1xx_hal.o
 .ARM.attributes
                0x000000000000016a       0x33 Drivers/STM32F1xx_HAL_Driver/Src/stm32f1xx_hal_cortex.o
 .ARM.attributes
                0x000000000000019d       0x33 Drivers/STM32F1xx_HAL_Driver/Src/stm32f1xx_hal_gpio.o
 .ARM.attributes
                0x00000000000001d0       0x33 Drivers/STM32F1xx_HAL_Driver/Src/stm32f1xx_hal_rcc.o
 .ARM.attributes
                0x0000000000000203       0x2d d:/st/stm32cubeide_1.3.0/stm32cubeide/plugins/com.st.stm32cube.ide.mcu.externaltools.gnu-tools-for-stm32.7-2018-q2-update.win32_1.0.0.201904181610/tools/bin/../lib/gcc/arm-none-eabi/7.3.1/../../../../arm-none-eabi/lib/thumb/v7-m\libc_nano.a(lib_a-init.o)
 .ARM.attributes
                0x0000000000000230       0x2d d:/st/stm32cubeide_1.3.0/stm32cubeide/plugins/com.st.stm32cube.ide.mcu.externaltools.gnu-tools-for-stm32.7-2018-q2-update.win32_1.0.0.201904181610/tools/bin/../lib/gcc/arm-none-eabi/7.3.1/../../../../arm-none-eabi/lib/thumb/v7-m\libc_nano.a(lib_a-memset.o)
 .ARM.attributes
                0x000000000000025d       0x1d d:/st/stm32cubeide_1.3.0/stm32cubeide/plugins/com.st.stm32cube.ide.mcu.externaltools.gnu-tools-for-stm32.7-2018-q2-update.win32_1.0.0.201904181610/tools/bin/../lib/gcc/arm-none-eabi/7.3.1/thumb/v7-m/crtn.o
OUTPUT(LED.elf elf32-littlearm)

.debug_info     0x0000000000000000     0x3022
 .debug_info    0x0000000000000000      0x63f Core/Src/main.o
 .debug_info    0x000000000000063f      0x2cb Core/Src/stm32f1xx_hal_msp.o
 .debug_info    0x000000000000090a      0x1fa Core/Src/stm32f1xx_it.o
 .debug_info    0x0000000000000b04      0x433 Core/Src/system_stm32f1xx.o
 .debug_info    0x0000000000000f37       0x22 Core/Startup/startup_stm32f103c8tx.o
 .debug_info    0x0000000000000f59      0x6fe Drivers/STM32F1xx_HAL_Driver/Src/stm32f1xx_hal.o
 .debug_info    0x0000000000001657      0xb46 Drivers/STM32F1xx_HAL_Driver/Src/stm32f1xx_hal_cortex.o
 .debug_info    0x000000000000219d      0x681 Drivers/STM32F1xx_HAL_Driver/Src/stm32f1xx_hal_gpio.o
 .debug_info    0x000000000000281e      0x804 Drivers/STM32F1xx_HAL_Driver/Src/stm32f1xx_hal_rcc.o

.debug_abbrev   0x0000000000000000      0xd3a
 .debug_abbrev  0x0000000000000000      0x175 Core/Src/main.o
 .debug_abbrev  0x0000000000000175      0x109 Core/Src/stm32f1xx_hal_msp.o
 .debug_abbrev  0x000000000000027e       0xc6 Core/Src/stm32f1xx_it.o
 .debug_abbrev  0x0000000000000344      0x134 Core/Src/system_stm32f1xx.o
 .debug_abbrev  0x0000000000000478       0x12 Core/Startup/startup_stm32f103c8tx.o
 .debug_abbrev  0x000000000000048a      0x1d8 Drivers/STM32F1xx_HAL_Driver/Src/stm32f1xx_hal.o
 .debug_abbrev  0x0000000000000662      0x2d5 Drivers/STM32F1xx_HAL_Driver/Src/stm32f1xx_hal_cortex.o
 .debug_abbrev  0x0000000000000937      0x1c0 Drivers/STM32F1xx_HAL_Driver/Src/stm32f1xx_hal_gpio.o
 .debug_abbrev  0x0000000000000af7      0x243 Drivers/STM32F1xx_HAL_Driver/Src/stm32f1xx_hal_rcc.o

.debug_aranges  0x0000000000000000      0x3d0
 .debug_aranges
                0x0000000000000000       0x38 Core/Src/main.o
 .debug_aranges
                0x0000000000000038       0x20 Core/Src/stm32f1xx_hal_msp.o
 .debug_aranges
                0x0000000000000058       0x60 Core/Src/stm32f1xx_it.o
 .debug_aranges
                0x00000000000000b8       0x28 Core/Src/system_stm32f1xx.o
 .debug_aranges
                0x00000000000000e0       0x28 Core/Startup/startup_stm32f103c8tx.o
 .debug_aranges
                0x0000000000000108       0xe0 Drivers/STM32F1xx_HAL_Driver/Src/stm32f1xx_hal.o
 .debug_aranges
                0x00000000000001e8      0x100 Drivers/STM32F1xx_HAL_Driver/Src/stm32f1xx_hal_cortex.o
 .debug_aranges
                0x00000000000002e8       0x58 Drivers/STM32F1xx_HAL_Driver/Src/stm32f1xx_hal_gpio.o
 .debug_aranges
                0x0000000000000340       0x90 Drivers/STM32F1xx_HAL_Driver/Src/stm32f1xx_hal_rcc.o

.debug_ranges   0x0000000000000000      0x348
 .debug_ranges  0x0000000000000000       0x28 Core/Src/main.o
 .debug_ranges  0x0000000000000028       0x10 Core/Src/stm32f1xx_hal_msp.o
 .debug_ranges  0x0000000000000038       0x50 Core/Src/stm32f1xx_it.o
 .debug_ranges  0x0000000000000088       0x18 Core/Src/system_stm32f1xx.o
 .debug_ranges  0x00000000000000a0       0x20 Core/Startup/startup_stm32f103c8tx.o
 .debug_ranges  0x00000000000000c0       0xd0 Drivers/STM32F1xx_HAL_Driver/Src/stm32f1xx_hal.o
 .debug_ranges  0x0000000000000190       0xf0 Drivers/STM32F1xx_HAL_Driver/Src/stm32f1xx_hal_cortex.o
 .debug_ranges  0x0000000000000280       0x48 Drivers/STM32F1xx_HAL_Driver/Src/stm32f1xx_hal_gpio.o
 .debug_ranges  0x00000000000002c8       0x80 Drivers/STM32F1xx_HAL_Driver/Src/stm32f1xx_hal_rcc.o

.debug_macro    0x0000000000000000    0x123d0
 .debug_macro   0x0000000000000000      0x18a Core/Src/main.o
 .debug_macro   0x000000000000018a      0xa5a Core/Src/main.o
 .debug_macro   0x0000000000000be4      0x20f Core/Src/main.o
 .debug_macro   0x0000000000000df3       0x2e Core/Src/main.o
 .debug_macro   0x0000000000000e21       0x22 Core/Src/main.o
 .debug_macro   0x0000000000000e43       0x22 Core/Src/main.o
 .debug_macro   0x0000000000000e65       0x8e Core/Src/main.o
 .debug_macro   0x0000000000000ef3       0x51 Core/Src/main.o
 .debug_macro   0x0000000000000f44       0xef Core/Src/main.o
 .debug_macro   0x0000000000001033       0x6a Core/Src/main.o
 .debug_macro   0x000000000000109d      0x1df Core/Src/main.o
 .debug_macro   0x000000000000127c       0x1c Core/Src/main.o
 .debug_macro   0x0000000000001298       0x22 Core/Src/main.o
 .debug_macro   0x00000000000012ba       0xc3 Core/Src/main.o
 .debug_macro   0x000000000000137d      0xd23 Core/Src/main.o
 .debug_macro   0x00000000000020a0     0xe09e Core/Src/main.o
 .debug_macro   0x000000000001013e       0x43 Core/Src/main.o
 .debug_macro   0x0000000000010181      0x174 Core/Src/main.o
 .debug_macro   0x00000000000102f5       0x5a Core/Src/main.o
 .debug_macro   0x000000000001034f      0x5be Core/Src/main.o
 .debug_macro   0x000000000001090d      0x289 Core/Src/main.o
 .debug_macro   0x0000000000010b96      0x1cb Core/Src/main.o
 .debug_macro   0x0000000000010d61      0x114 Core/Src/main.o
 .debug_macro   0x0000000000010e75      0x1b2 Core/Src/main.o
 .debug_macro   0x0000000000011027       0x27 Core/Src/main.o
 .debug_macro   0x000000000001104e      0x136 Core/Src/main.o
 .debug_macro   0x0000000000011184      0x1bc Core/Src/main.o
 .debug_macro   0x0000000000011340       0x34 Core/Src/main.o
 .debug_macro   0x0000000000011374       0x3c Core/Src/main.o
 .debug_macro   0x00000000000113b0       0x57 Core/Src/main.o
 .debug_macro   0x0000000000011407       0x88 Core/Src/main.o
 .debug_macro   0x000000000001148f      0x241 Core/Src/main.o
 .debug_macro   0x00000000000116d0      0x141 Core/Src/main.o
 .debug_macro   0x0000000000011811       0x83 Core/Src/main.o
 .debug_macro   0x0000000000011894       0x10 Core/Src/main.o
 .debug_macro   0x00000000000118a4      0x18a Core/Src/stm32f1xx_hal_msp.o
 .debug_macro   0x0000000000011a2e      0x194 Core/Src/stm32f1xx_it.o
 .debug_macro   0x0000000000011bc2      0x181 Core/Src/system_stm32f1xx.o
 .debug_macro   0x0000000000011d43      0x19f Drivers/STM32F1xx_HAL_Driver/Src/stm32f1xx_hal.o
 .debug_macro   0x0000000000011ee2      0x17b Drivers/STM32F1xx_HAL_Driver/Src/stm32f1xx_hal_cortex.o
 .debug_macro   0x000000000001205d      0x1e6 Drivers/STM32F1xx_HAL_Driver/Src/stm32f1xx_hal_gpio.o
 .debug_macro   0x0000000000012243      0x18d Drivers/STM32F1xx_HAL_Driver/Src/stm32f1xx_hal_rcc.o

.debug_line     0x0000000000000000     0x3a11
 .debug_line    0x0000000000000000      0x63c Core/Src/main.o
 .debug_line    0x000000000000063c      0x5ef Core/Src/stm32f1xx_hal_msp.o
 .debug_line    0x0000000000000c2b      0x691 Core/Src/stm32f1xx_it.o
 .debug_line    0x00000000000012bc      0x61e Core/Src/system_stm32f1xx.o
 .debug_line    0x00000000000018da       0x84 Core/Startup/startup_stm32f103c8tx.o
 .debug_line    0x000000000000195e      0x7c6 Drivers/STM32F1xx_HAL_Driver/Src/stm32f1xx_hal.o
 .debug_line    0x0000000000002124      0x89f Drivers/STM32F1xx_HAL_Driver/Src/stm32f1xx_hal_cortex.o
 .debug_line    0x00000000000029c3      0x7c6 Drivers/STM32F1xx_HAL_Driver/Src/stm32f1xx_hal_gpio.o
 .debug_line    0x0000000000003189      0x888 Drivers/STM32F1xx_HAL_Driver/Src/stm32f1xx_hal_rcc.o

.debug_str      0x0000000000000000    0x63c59
 .debug_str     0x0000000000000000    0x62c30 Core/Src/main.o
                                      0x62edf (size before relaxing)
 .debug_str     0x0000000000062c30       0x50 Core/Src/stm32f1xx_hal_msp.o
                                      0x62ce7 (size before relaxing)
 .debug_str     0x0000000000062c80       0xbd Core/Src/stm32f1xx_it.o
                                      0x62d04 (size before relaxing)
 .debug_str     0x0000000000062d3d       0x6e Core/Src/system_stm32f1xx.o
                                      0x62d24 (size before relaxing)
 .debug_str     0x0000000000062dab       0x36 Core/Startup/startup_stm32f103c8tx.o
                                         0x69 (size before relaxing)
 .debug_str     0x0000000000062de1      0x629 Drivers/STM32F1xx_HAL_Driver/Src/stm32f1xx_hal.o
                                      0x63335 (size before relaxing)
 .debug_str     0x000000000006340a      0x2c8 Drivers/STM32F1xx_HAL_Driver/Src/stm32f1xx_hal_cortex.o
                                      0x63343 (size before relaxing)
 .debug_str     0x00000000000636d2      0x324 Drivers/STM32F1xx_HAL_Driver/Src/stm32f1xx_hal_gpio.o
                                      0x6306e (size before relaxing)
 .debug_str     0x00000000000639f6      0x263 Drivers/STM32F1xx_HAL_Driver/Src/stm32f1xx_hal_rcc.o
                                      0x630a7 (size before relaxing)

.comment        0x0000000000000000       0x7b
 .comment       0x0000000000000000       0x7b Core/Src/main.o
                                         0x7c (size before relaxing)
 .comment       0x000000000000007b       0x7c Core/Src/stm32f1xx_hal_msp.o
 .comment       0x000000000000007b       0x7c Core/Src/stm32f1xx_it.o
 .comment       0x000000000000007b       0x7c Core/Src/system_stm32f1xx.o
 .comment       0x000000000000007b       0x7c Drivers/STM32F1xx_HAL_Driver/Src/stm32f1xx_hal.o
 .comment       0x000000000000007b       0x7c Drivers/STM32F1xx_HAL_Driver/Src/stm32f1xx_hal_cortex.o
 .comment       0x000000000000007b       0x7c Drivers/STM32F1xx_HAL_Driver/Src/stm32f1xx_hal_gpio.o
 .comment       0x000000000000007b       0x7c Drivers/STM32F1xx_HAL_Driver/Src/stm32f1xx_hal_rcc.o

.debug_frame    0x0000000000000000      0xd3c
 .debug_frame   0x0000000000000000       0x94 Core/Src/main.o
 .debug_frame   0x0000000000000094       0x34 Core/Src/stm32f1xx_hal_msp.o
 .debug_frame   0x00000000000000c8      0x10c Core/Src/stm32f1xx_it.o
 .debug_frame   0x00000000000001d4       0x58 Core/Src/system_stm32f1xx.o
 .debug_frame   0x000000000000022c      0x334 Drivers/STM32F1xx_HAL_Driver/Src/stm32f1xx_hal.o
 .debug_frame   0x0000000000000560      0x428 Drivers/STM32F1xx_HAL_Driver/Src/stm32f1xx_hal_cortex.o
 .debug_frame   0x0000000000000988      0x14c Drivers/STM32F1xx_HAL_Driver/Src/stm32f1xx_hal_gpio.o
 .debug_frame   0x0000000000000ad4      0x21c Drivers/STM32F1xx_HAL_Driver/Src/stm32f1xx_hal_rcc.o
 .debug_frame   0x0000000000000cf0       0x2c d:/st/stm32cubeide_1.3.0/stm32cubeide/plugins/com.st.stm32cube.ide.mcu.externaltools.gnu-tools-for-stm32.7-2018-q2-update.win32_1.0.0.201904181610/tools/bin/../lib/gcc/arm-none-eabi/7.3.1/../../../../arm-none-eabi/lib/thumb/v7-m\libc_nano.a(lib_a-init.o)
 .debug_frame   0x0000000000000d1c       0x20 d:/st/stm32cubeide_1.3.0/stm32cubeide/plugins/com.st.stm32cube.ide.mcu.externaltools.gnu-tools-for-stm32.7-2018-q2-update.win32_1.0.0.201904181610/tools/bin/../lib/gcc/arm-none-eabi/7.3.1/../../../../arm-none-eabi/lib/thumb/v7-m\libc_nano.a(lib_a-memset.o)
