Archive member included to satisfy reference by file (symbol)

d:/st/stm32cubeide_1.3.0/stm32cubeide/plugins/com.st.stm32cube.ide.mcu.externaltools.gnu-tools-for-stm32.7-2018-q2-update.win32_1.0.0.201904181610/tools/bin/../lib/gcc/arm-none-eabi/7.3.1/../../../../arm-none-eabi/lib/thumb/v7-m\libc_nano.a(lib_a-errno.o)
                              Core/Src/syscalls.o (__errno)
d:/st/stm32cubeide_1.3.0/stm32cubeide/plugins/com.st.stm32cube.ide.mcu.externaltools.gnu-tools-for-stm32.7-2018-q2-update.win32_1.0.0.201904181610/tools/bin/../lib/gcc/arm-none-eabi/7.3.1/../../../../arm-none-eabi/lib/thumb/v7-m\libc_nano.a(lib_a-exit.o)
                              d:/st/stm32cubeide_1.3.0/stm32cubeide/plugins/com.st.stm32cube.ide.mcu.externaltools.gnu-tools-for-stm32.7-2018-q2-update.win32_1.0.0.201904181610/tools/bin/../lib/gcc/arm-none-eabi/7.3.1/../../../../arm-none-eabi/lib/thumb/v7-m/crt0.o (exit)
d:/st/stm32cubeide_1.3.0/stm32cubeide/plugins/com.st.stm32cube.ide.mcu.externaltools.gnu-tools-for-stm32.7-2018-q2-update.win32_1.0.0.201904181610/tools/bin/../lib/gcc/arm-none-eabi/7.3.1/../../../../arm-none-eabi/lib/thumb/v7-m\libc_nano.a(lib_a-impure.o)
                              d:/st/stm32cubeide_1.3.0/stm32cubeide/plugins/com.st.stm32cube.ide.mcu.externaltools.gnu-tools-for-stm32.7-2018-q2-update.win32_1.0.0.201904181610/tools/bin/../lib/gcc/arm-none-eabi/7.3.1/../../../../arm-none-eabi/lib/thumb/v7-m\libc_nano.a(lib_a-exit.o) (_global_impure_ptr)
d:/st/stm32cubeide_1.3.0/stm32cubeide/plugins/com.st.stm32cube.ide.mcu.externaltools.gnu-tools-for-stm32.7-2018-q2-update.win32_1.0.0.201904181610/tools/bin/../lib/gcc/arm-none-eabi/7.3.1/../../../../arm-none-eabi/lib/thumb/v7-m\libc_nano.a(lib_a-init.o)
                              d:/st/stm32cubeide_1.3.0/stm32cubeide/plugins/com.st.stm32cube.ide.mcu.externaltools.gnu-tools-for-stm32.7-2018-q2-update.win32_1.0.0.201904181610/tools/bin/../lib/gcc/arm-none-eabi/7.3.1/../../../../arm-none-eabi/lib/thumb/v7-m/crt0.o (__libc_init_array)
d:/st/stm32cubeide_1.3.0/stm32cubeide/plugins/com.st.stm32cube.ide.mcu.externaltools.gnu-tools-for-stm32.7-2018-q2-update.win32_1.0.0.201904181610/tools/bin/../lib/gcc/arm-none-eabi/7.3.1/../../../../arm-none-eabi/lib/thumb/v7-m\libc_nano.a(lib_a-memset.o)
                              d:/st/stm32cubeide_1.3.0/stm32cubeide/plugins/com.st.stm32cube.ide.mcu.externaltools.gnu-tools-for-stm32.7-2018-q2-update.win32_1.0.0.201904181610/tools/bin/../lib/gcc/arm-none-eabi/7.3.1/../../../../arm-none-eabi/lib/thumb/v7-m/crt0.o (memset)

Allocating common symbols
Common symbol       size              file

OSTmrFreeList       0x4               ucos-ii/src/os_core.o
OSTmrWheelTbl       0x40              ucos-ii/src/os_core.o
OSLockNesting       0x1               ucos-ii/src/os_core.o
OSTmrSemSignal      0x4               ucos-ii/src/os_core.o
OSTaskRegNextAvailID
                    0x1               ucos-ii/src/os_core.o
OSRunning           0x1               ucos-ii/src/os_core.o
OSIdleCtr           0x4               ucos-ii/src/os_core.o
OSTmrUsed           0x2               ucos-ii/src/os_core.o
htim4               0x40              Core/Src/stm32f1xx_hal_timebase_tim.o
OSPrioHighRdy       0x1               ucos-ii/src/os_core.o
OSFlagTbl           0x50              ucos-ii/src/os_core.o
OSTmrTbl            0x280             ucos-ii/src/os_core.o
OSPrioCur           0x1               ucos-ii/src/os_core.o
OSTCBList           0x4               ucos-ii/src/os_core.o
OSMemTbl            0x78              ucos-ii/src/os_core.o
OSTickStepState     0x1               ucos-ii/src/os_core.o
OSTaskStatStk       0x200             ucos-ii/src/os_core.o
uwTick              0x4               Drivers/STM32F1xx_HAL_Driver/Src/stm32f1xx_hal.o
OSCtxSwCtr          0x4               ucos-ii/src/os_core.o
temperature         0x1               Core/Src/main.o
pFlash              0x20              Drivers/STM32F1xx_HAL_Driver/Src/stm32f1xx_hal_flash.o
OSTmrFree           0x2               ucos-ii/src/os_core.o
OSIdleCtrMax        0x4               ucos-ii/src/os_core.o
OSTCBFreeList       0x4               ucos-ii/src/os_core.o
TASK_DHT11READ_STK  0x7d0             Core/Src/main.o
OS_CPU_ExceptStkBase
                    0x4               ucos-ii/port/os_cpu_c.o
humidity            0x1               Core/Src/main.o
OSCPUUsage          0x1               ucos-ii/src/os_core.o
huart1              0x40              Core/Src/main.o
TASK_DISPLAY_STK    0x7d0             Core/Src/main.o
OSTaskCtr           0x1               ucos-ii/src/os_core.o
OSMemFreeList       0x4               ucos-ii/src/os_core.o
OSQTbl              0x60              ucos-ii/src/os_core.o
OSTCBHighRdy        0x4               ucos-ii/src/os_core.o
OSQFreeList         0x4               ucos-ii/src/os_core.o
OSRdyGrp            0x1               ucos-ii/src/os_core.o
frac_temp           0x1               Core/Src/main.o
OSRdyTbl            0x8               ucos-ii/src/os_core.o
[...]
Memory Configuration

Name             Origin             Length             Attributes
RAM              0x0000000020000000 0x0000000000005000 xrw
FLASH            0x0000000008000000 0x0000000000010000 xr
*default*        0x0000000000000000 0xffffffffffffffff

Linker script and memory map

LOAD d:/st/stm32cubeide_1.3.0/stm32cubeide/plugins/com.st.stm32cube.ide.mcu.externaltools.gnu-tools-for-stm32.7-2018-q2-update.win32_1.0.0.201904181610/tools/bin/../lib/gcc/arm-none-eabi/7.3.1/thumb/v7-m/crti.o
LOAD d:/st/stm32cubeide_1.3.0/stm32cubeide/plugins/com.st.stm32cube.ide.mcu.externaltools.gnu-tools-for-stm32.7-2018-q2-update.win32_1.0.0.201904181610/tools/bin/../lib/gcc/arm-none-eabi/7.3.1/thumb/v7-m/crtbegin.o
LOAD d:/st/stm32cubeide_1.3.0/stm32cubeide/plugins/com.st.stm32cube.ide.mcu.externaltools.gnu-tools-for-stm32.7-2018-q2-update.win32_1.0.0.201904181610/tools/bin/../lib/gcc/arm-none-eabi/7.3.1/../../../../arm-none-eabi/lib/thumb/v7-m/crt0.o
LOAD Core/Src/dht11.o
LOAD Core/Src/digit.o
LOAD Core/Src/main.o
LOAD Core/Src/stm32f1xx_hal_msp.o
LOAD Core/Src/stm32f1xx_hal_timebase_tim.o
LOAD Core/Src/stm32f1xx_it.o
LOAD Core/Src/syscalls.o
LOAD Core/Src/sysmem.o
LOAD Core/Src/system_stm32f1xx.o
LOAD Core/Startup/startup_stm32f103c8tx.o
LOAD Drivers/STM32F1xx_HAL_Driver/Src/stm32f1xx_hal.o
LOAD Drivers/STM32F1xx_HAL_Driver/Src/stm32f1xx_hal_cortex.o
LOAD Drivers/STM32F1xx_HAL_Driver/Src/stm32f1xx_hal_dma.o
LOAD Drivers/STM32F1xx_HAL_Driver/Src/stm32f1xx_hal_exti.o
LOAD Drivers/STM32F1xx_HAL_Driver/Src/stm32f1xx_hal_flash.o
LOAD Drivers/STM32F1xx_HAL_Driver/Src/stm32f1xx_hal_flash_ex.o
LOAD Drivers/STM32F1xx_HAL_Driver/Src/stm32f1xx_hal_gpio.o
LOAD Drivers/STM32F1xx_HAL_Driver/Src/stm32f1xx_hal_gpio_ex.o
LOAD Drivers/STM32F1xx_HAL_Driver/Src/stm32f1xx_hal_pwr.o
LOAD Drivers/STM32F1xx_HAL_Driver/Src/stm32f1xx_hal_rcc.o
LOAD Drivers/STM32F1xx_HAL_Driver/Src/stm32f1xx_hal_rcc_ex.o
LOAD Drivers/STM32F1xx_HAL_Driver/Src/stm32f1xx_hal_tim.o
LOAD Drivers/STM32F1xx_HAL_Driver/Src/stm32f1xx_hal_tim_ex.o
LOAD Drivers/STM32F1xx_HAL_Driver/Src/stm32f1xx_hal_uart.o
LOAD ucos-ii/config/app_hooks.o
LOAD ucos-ii/port/os_cpu_a.o
LOAD ucos-ii/port/os_cpu_c.o
LOAD ucos-ii/port/os_dbg.o
LOAD ucos-ii/src/os_core.o
LOAD ucos-ii/src/os_flag.o
LOAD ucos-ii/src/os_mbox.o
LOAD ucos-ii/src/os_mem.o
LOAD ucos-ii/src/os_mutex.o
LOAD ucos-ii/src/os_q.o
LOAD ucos-ii/src/os_sem.o
LOAD ucos-ii/src/os_task.o
LOAD ucos-ii/src/os_time.o
LOAD ucos-ii/src/os_tmr.o
START GROUP
LOAD d:/st/stm32cubeide_1.3.0/stm32cubeide/plugins/com.st.stm32cube.ide.mcu.externaltools.gnu-tools-for-stm32.7-2018-q2-update.win32_1.0.0.201904181610/tools/bin/../lib/gcc/arm-none-eabi/7.3.1/../../../../arm-none-eabi/lib/thumb/v7-m\libc_nano.a
LOAD d:/st/stm32cubeide_1.3.0/stm32cubeide/plugins/com.st.stm32cube.ide.mcu.externaltools.gnu-tools-for-stm32.7-2018-q2-update.win32_1.0.0.201904181610/tools/bin/../lib/gcc/arm-none-eabi/7.3.1/../../../../arm-none-eabi/lib/thumb/v7-m\libm.a
END GROUP
START GROUP
LOAD d:/st/stm32cubeide_1.3.0/stm32cubeide/plugins/com.st.stm32cube.ide.mcu.externaltools.gnu-tools-for-stm32.7-2018-q2-update.win32_1.0.0.201904181610/tools/bin/../lib/gcc/arm-none-eabi/7.3.1/thumb/v7-m\libgcc.a
LOAD d:/st/stm32cubeide_1.3.0/stm32cubeide/plugins/com.st.stm32cube.ide.mcu.externaltools.gnu-tools-for-stm32.7-2018-q2-update.win32_1.0.0.201904181610/tools/bin/../lib/gcc/arm-none-eabi/7.3.1/../../../../arm-none-eabi/lib/thumb/v7-m\libc_nano.a
END GROUP
START GROUP
LOAD d:/st/stm32cubeide_1.3.0/stm32cubeide/plugins/com.st.stm32cube.ide.mcu.externaltools.gnu-tools-for-stm32.7-2018-q2-update.win32_1.0.0.201904181610/tools/bin/../lib/gcc/arm-none-eabi/7.3.1/thumb/v7-m\libgcc.a
LOAD d:/st/stm32cubeide_1.3.0/stm32cubeide/plugins/com.st.stm32cube.ide.mcu.externaltools.gnu-tools-for-stm32.7-2018-q2-update.win32_1.0.0.201904181610/tools/bin/../lib/gcc/arm-none-eabi/7.3.1/../../../../arm-none-eabi/lib/thumb/v7-m\libc_nano.a
LOAD d:/st/stm32cubeide_1.3.0/stm32cubeide/plugins/com.st.stm32cube.ide.mcu.externaltools.gnu-tools-for-stm32.7-2018-q2-update.win32_1.0.0.201904181610/tools/bin/../lib/gcc/arm-none-eabi/7.3.1/../../../../arm-none-eabi/lib/thumb/v7-m\libnosys.a
END GROUP
START GROUP
LOAD d:/st/stm32cubeide_1.3.0/stm32cubeide/plugins/com.st.stm32cube.ide.mcu.externaltools.gnu-tools-for-stm32.7-2018-q2-update.win32_1.0.0.201904181610/tools/bin/../lib/gcc/arm-none-eabi/7.3.1/thumb/v7-m\libgcc.a
LOAD d:/st/stm32cubeide_1.3.0/stm32cubeide/plugins/com.st.stm32cube.ide.mcu.externaltools.gnu-tools-for-stm32.7-2018-q2-update.win32_1.0.0.201904181610/tools/bin/../lib/gcc/arm-none-eabi/7.3.1/../../../../arm-none-eabi/lib/thumb/v7-m\libc_nano.a
LOAD d:/st/stm32cubeide_1.3.0/stm32cubeide/plugins/com.st.stm32cube.ide.mcu.externaltools.gnu-tools-for-stm32.7-2018-q2-update.win32_1.0.0.201904181610/tools/bin/../lib/gcc/arm-none-eabi/7.3.1/../../../../arm-none-eabi/lib/thumb/v7-m\libnosys.a
END GROUP
LOAD d:/st/stm32cubeide_1.3.0/stm32cubeide/plugins/com.st.stm32cube.ide.mcu.externaltools.gnu-tools-for-stm32.7-2018-q2-update.win32_1.0.0.201904181610/tools/bin/../lib/gcc/arm-none-eabi/7.3.1/thumb/v7-m/crtend.o
LOAD d:/st/stm32cubeide_1.3.0/stm32cubeide/plugins/com.st.stm32cube.ide.mcu.externaltools.gnu-tools-for-stm32.7-2018-q2-update.win32_1.0.0.201904181610/tools/bin/../lib/gcc/arm-none-eabi/7.3.1/thumb/v7-m/crtn.o
                0x0000000020005000                _estack = (ORIGIN (RAM) + LENGTH (RAM))
                0x0000000000000200                _Min_Heap_Size = 0x200
                0x0000000000000400                _Min_Stack_Size = 0x400

.isr_vector     0x0000000008000000      0x10c
                0x0000000008000000                . = ALIGN (0x4)
 *(.isr_vector)
 .isr_vector    0x0000000008000000      0x10c Core/Startup/startup_stm32f103c8tx.o
                0x0000000008000000                g_pfnVectors
                0x000000000800010c                . = ALIGN (0x4)

.text           0x000000000800010c     0x4134
                0x000000000800010c                . = ALIGN (0x4)
 *(.text)
 .text          0x000000000800010c       0x40 d:/st/stm32cubeide_1.3.0/stm32cubeide/plugins/com.st.stm32cube.ide.mcu.externaltools.gnu-tools-for-stm32.7-2018-q2-update.win32_1.0.0.201904181610/tools/bin/../lib/gcc/arm-none-eabi/7.3.1/thumb/v7-m/crtbegin.o
 .text          0x000000000800014c       0xb0 ucos-ii/port/os_cpu_a.o
                0x000000000800014c                OS_CPU_SR_Save
                0x0000000008000154                OS_CPU_SR_Restore
                0x000000000800015a                OSStartHighRdy
                0x0000000008000182                OSCtxSw
                0x000000000800018c                OSIntCtxSw
                0x0000000008000196                OS_CPU_PendSVHandler
 *(.text*)
 .text.DHT11GPIOModeSwitch
                0x00000000080001fc       0x54 Core/Src/dht11.o
                0x00000000080001fc                DHT11GPIOModeSwitch
 .text.DHT11Start
                0x0000000008000250       0x70 Core/Src/dht11.o
                0x0000000008000250                DHT11Start
 .text.DHT11ReceiveAndCheck
                0x00000000080002c0      0x158 Core/Src/dht11.o
                0x00000000080002c0                DHT11ReceiveAndCheck
 .text.DigitChoice
                0x0000000008000418       0x64 Core/Src/digit.o
                0x0000000008000418                DigitChoice
 .text.DisplayOneDigit
                0x000000000800047c       0xd0 Core/Src/digit.o
                0x000000000800047c                DisplayOneDigit
 .text.Task_Uart
                0x000000000800054c       0x3c Core/Src/main.o
                0x000000000800054c                Task_Uart
 .text.Task_DHT11Read
                0x0000000008000588       0x1a Core/Src/main.o
                0x0000000008000588                Task_DHT11Read
 *fill*         0x00000000080005a2        0x2 
 .text.Task_Display
                0x00000000080005a4      0x11c Core/Src/main.o
                0x00000000080005a4                Task_Display
 .text.main     0x00000000080006c0       0x84 Core/Src/main.o
                0x00000000080006c0                main
 .text.SystemClock_Config
                0x0000000008000744       0x8a Core/Src/main.o
                0x0000000008000744                SystemClock_Config
 *fill*         0x00000000080007ce        0x2 
 .text.MX_USART1_UART_Init
                0x00000000080007d0       0x54 Core/Src/main.o
 .text.MX_GPIO_Init
                0x0000000008000824       0xe4 Core/Src/main.o
 .text.HAL_TIM_PeriodElapsedCallback
                0x0000000008000908       0x24 Core/Src/main.o
                0x0000000008000908                HAL_TIM_PeriodElapsedCallback
 .text.Error_Handler
                0x000000000800092c        0xc Core/Src/main.o
                0x000000000800092c                Error_Handler
 .text.HAL_MspInit
                0x0000000008000938       0x64 Core/Src/stm32f1xx_hal_msp.o
                0x0000000008000938                HAL_MspInit
 .text.HAL_UART_MspInit
                0x000000000800099c       0x98 Core/Src/stm32f1xx_hal_msp.o
                0x000000000800099c                HAL_UART_MspInit
 .text.HAL_InitTick
                0x0000000008000a34       0xb0 Core/Src/stm32f1xx_hal_timebase_tim.o
                0x0000000008000a34                HAL_InitTick
 .text.NMI_Handler
                0x0000000008000ae4        0xc Core/Src/stm32f1xx_it.o
                0x0000000008000ae4                NMI_Handler
 .text.HardFault_Handler
                0x0000000008000af0        0x6 Core/Src/stm32f1xx_it.o
                0x0000000008000af0                HardFault_Handler
 .text.MemManage_Handler
                0x0000000008000af6        0x6 Core/Src/stm32f1xx_it.o
                0x0000000008000af6                MemManage_Handler
 .text.BusFault_Handler
                0x0000000008000afc        0x6 Core/Src/stm32f1xx_it.o
                0x0000000008000afc                BusFault_Handler
 .text.UsageFault_Handler
                0x0000000008000b02        0x6 Core/Src/stm32f1xx_it.o
                0x0000000008000b02                UsageFault_Handler
 .text.SVC_Handler
                0x0000000008000b08        0xc Core/Src/stm32f1xx_it.o
                0x0000000008000b08                SVC_Handler
 .text.DebugMon_Handler
                0x0000000008000b14        0xc Core/Src/stm32f1xx_it.o
                0x0000000008000b14                DebugMon_Handler
 .text.TIM4_IRQHandler
                0x0000000008000b20       0x14 Core/Src/stm32f1xx_it.o
                0x0000000008000b20                TIM4_IRQHandler
 .text.SystemInit
                0x0000000008000b34       0x68 Core/Src/system_stm32f1xx.o
                0x0000000008000b34                SystemInit
 .text.Reset_Handler
                0x0000000008000b9c       0x48 Core/Startup/startup_stm32f103c8tx.o
                0x0000000008000b9c                Reset_Handler
 .text.Default_Handler
                0x0000000008000be4        0x2 Core/Startup/startup_stm32f103c8tx.o
                0x0000000008000be4                RTC_Alarm_IRQHandler
                0x0000000008000be4                EXTI2_IRQHandler
                0x0000000008000be4                TIM1_CC_IRQHandler
                0x0000000008000be4                PVD_IRQHandler
                0x0000000008000be4                EXTI3_IRQHandler
                0x0000000008000be4                EXTI0_IRQHandler
                0x0000000008000be4                I2C2_EV_IRQHandler
                0x0000000008000be4                ADC1_2_IRQHandler
                0x0000000008000be4                SPI1_IRQHandler
                0x0000000008000be4                TAMPER_IRQHandler
                0x0000000008000be4                DMA1_Channel4_IRQHandler
                0x0000000008000be4                USART3_IRQHandler
                0x0000000008000be4                RTC_IRQHandler
                0x0000000008000be4                DMA1_Channel7_IRQHandler
                0x0000000008000be4                CAN1_RX1_IRQHandler
                0x0000000008000be4                I2C1_EV_IRQHandler
                0x0000000008000be4                DMA1_Channel6_IRQHandler
                0x0000000008000be4                TIM3_IRQHandler
                0x0000000008000be4                RCC_IRQHandler
                0x0000000008000be4                TIM1_TRG_COM_IRQHandler
                0x0000000008000be4                DMA1_Channel1_IRQHandler
                0x0000000008000be4                Default_Handler
                0x0000000008000be4                EXTI15_10_IRQHandler
                0x0000000008000be4                EXTI9_5_IRQHandler
                0x0000000008000be4                SPI2_IRQHandler
                0x0000000008000be4                DMA1_Channel5_IRQHandler
                0x0000000008000be4                EXTI4_IRQHandler
                0x0000000008000be4                USB_LP_CAN1_RX0_IRQHandler
                0x0000000008000be4                USB_HP_CAN1_TX_IRQHandler
                0x0000000008000be4                DMA1_Channel3_IRQHandler
                0x0000000008000be4                TIM1_UP_IRQHandler
                0x0000000008000be4                WWDG_IRQHandler
                0x0000000008000be4                TIM2_IRQHandler
                0x0000000008000be4                TIM1_BRK_IRQHandler
                0x0000000008000be4                EXTI1_IRQHandler
                0x0000000008000be4                USART2_IRQHandler
                0x0000000008000be4                I2C2_ER_IRQHandler
                0x0000000008000be4                DMA1_Channel2_IRQHandler
                0x0000000008000be4                CAN1_SCE_IRQHandler
                0x0000000008000be4                FLASH_IRQHandler
                0x0000000008000be4                USART1_IRQHandler
                0x0000000008000be4                I2C1_ER_IRQHandler
                0x0000000008000be4                USBWakeUp_IRQHandler
 *fill*         0x0000000008000be6        0x2 
 .text.HAL_Init
                0x0000000008000be8       0x2c Drivers/STM32F1xx_HAL_Driver/Src/stm32f1xx_hal.o
                0x0000000008000be8                HAL_Init
 .text.HAL_IncTick
                0x0000000008000c14       0x24 Drivers/STM32F1xx_HAL_Driver/Src/stm32f1xx_hal.o
                0x0000000008000c14                HAL_IncTick
 .text.HAL_GetTick
                0x0000000008000c38       0x14 Drivers/STM32F1xx_HAL_Driver/Src/stm32f1xx_hal.o
                0x0000000008000c38                HAL_GetTick
 .text.HAL_Delay
                0x0000000008000c4c       0x44 Drivers/STM32F1xx_HAL_Driver/Src/stm32f1xx_hal.o
                0x0000000008000c4c                HAL_Delay
 .text.__NVIC_SetPriorityGrouping
                0x0000000008000c90       0x48 Drivers/STM32F1xx_HAL_Driver/Src/stm32f1xx_hal_cortex.o
 .text.__NVIC_GetPriorityGrouping
                0x0000000008000cd8       0x1c Drivers/STM32F1xx_HAL_Driver/Src/stm32f1xx_hal_cortex.o
 .text.__NVIC_EnableIRQ
                0x0000000008000cf4       0x38 Drivers/STM32F1xx_HAL_Driver/Src/stm32f1xx_hal_cortex.o
 .text.__NVIC_SetPriority
                0x0000000008000d2c       0x54 Drivers/STM32F1xx_HAL_Driver/Src/stm32f1xx_hal_cortex.o
 .text.NVIC_EncodePriority
                0x0000000008000d80       0x64 Drivers/STM32F1xx_HAL_Driver/Src/stm32f1xx_hal_cortex.o
 .text.HAL_NVIC_SetPriorityGrouping
                0x0000000008000de4       0x16 Drivers/STM32F1xx_HAL_Driver/Src/stm32f1xx_hal_cortex.o
                0x0000000008000de4                HAL_NVIC_SetPriorityGrouping
 .text.HAL_NVIC_SetPriority
                0x0000000008000dfa       0x38 Drivers/STM32F1xx_HAL_Driver/Src/stm32f1xx_hal_cortex.o
                0x0000000008000dfa                HAL_NVIC_SetPriority
 .text.HAL_NVIC_EnableIRQ
                0x0000000008000e32       0x1c Drivers/STM32F1xx_HAL_Driver/Src/stm32f1xx_hal_cortex.o
                0x0000000008000e32                HAL_NVIC_EnableIRQ
 *fill*         0x0000000008000e4e        0x2 
 .text.HAL_GPIO_Init
                0x0000000008000e50      0x2b4 Drivers/STM32F1xx_HAL_Driver/Src/stm32f1xx_hal_gpio.o
                0x0000000008000e50                HAL_GPIO_Init
 .text.HAL_GPIO_ReadPin
                0x0000000008001104       0x2e Drivers/STM32F1xx_HAL_Driver/Src/stm32f1xx_hal_gpio.o
                0x0000000008001104                HAL_GPIO_ReadPin
 .text.HAL_GPIO_WritePin
                0x0000000008001132       0x30 Drivers/STM32F1xx_HAL_Driver/Src/stm32f1xx_hal_gpio.o
                0x0000000008001132                HAL_GPIO_WritePin
 *fill*         0x0000000008001162        0x2 
 .text.HAL_RCC_OscConfig
                0x0000000008001164      0x500 Drivers/STM32F1xx_HAL_Driver/Src/stm32f1xx_hal_rcc.o
                0x0000000008001164                HAL_RCC_OscConfig
 .text.HAL_RCC_ClockConfig
                0x0000000008001664      0x1d4 Drivers/STM32F1xx_HAL_Driver/Src/stm32f1xx_hal_rcc.o
                0x0000000008001664                HAL_RCC_ClockConfig
 .text.HAL_RCC_GetSysClockFreq
                0x0000000008001838       0xc4 Drivers/STM32F1xx_HAL_Driver/Src/stm32f1xx_hal_rcc.o
                0x0000000008001838                HAL_RCC_GetSysClockFreq
 .text.HAL_RCC_GetHCLKFreq
                0x00000000080018fc       0x14 Drivers/STM32F1xx_HAL_Driver/Src/stm32f1xx_hal_rcc.o
                0x00000000080018fc                HAL_RCC_GetHCLKFreq
 .text.HAL_RCC_GetPCLK1Freq
                0x0000000008001910       0x28 Drivers/STM32F1xx_HAL_Driver/Src/stm32f1xx_hal_rcc.o
                0x0000000008001910                HAL_RCC_GetPCLK1Freq
 .text.HAL_RCC_GetPCLK2Freq
                0x0000000008001938       0x28 Drivers/STM32F1xx_HAL_Driver/Src/stm32f1xx_hal_rcc.o
                0x0000000008001938                HAL_RCC_GetPCLK2Freq
 .text.HAL_RCC_GetClockConfig
                0x0000000008001960       0x60 Drivers/STM32F1xx_HAL_Driver/Src/stm32f1xx_hal_rcc.o
                0x0000000008001960                HAL_RCC_GetClockConfig
 .text.RCC_Delay
                0x00000000080019c0       0x3c Drivers/STM32F1xx_HAL_Driver/Src/stm32f1xx_hal_rcc.o
 .text.HAL_TIM_Base_Init
                0x00000000080019fc       0x56 Drivers/STM32F1xx_HAL_Driver/Src/stm32f1xx_hal_tim.o
                0x00000000080019fc                HAL_TIM_Base_Init
 .text.HAL_TIM_Base_MspInit
                0x0000000008001a52       0x12 Drivers/STM32F1xx_HAL_Driver/Src/stm32f1xx_hal_tim.o
                0x0000000008001a52                HAL_TIM_Base_MspInit
 .text.HAL_TIM_Base_Start_IT
                0x0000000008001a64       0x46 Drivers/STM32F1xx_HAL_Driver/Src/stm32f1xx_hal_tim.o
                0x0000000008001a64                HAL_TIM_Base_Start_IT
 .text.HAL_TIM_IRQHandler
                0x0000000008001aaa      0x210 Drivers/STM32F1xx_HAL_Driver/Src/stm32f1xx_hal_tim.o
                0x0000000008001aaa                HAL_TIM_IRQHandler
 .text.HAL_TIM_OC_DelayElapsedCallback
                0x0000000008001cba       0x12 Drivers/STM32F1xx_HAL_Driver/Src/stm32f1xx_hal_tim.o
                0x0000000008001cba                HAL_TIM_OC_DelayElapsedCallback
 .text.HAL_TIM_IC_CaptureCallback
                0x0000000008001ccc       0x12 Drivers/STM32F1xx_HAL_Driver/Src/stm32f1xx_hal_tim.o
                0x0000000008001ccc                HAL_TIM_IC_CaptureCallback
 .text.HAL_TIM_PWM_PulseFinishedCallback
                0x0000000008001cde       0x12 Drivers/STM32F1xx_HAL_Driver/Src/stm32f1xx_hal_tim.o
                0x0000000008001cde                HAL_TIM_PWM_PulseFinishedCallback
 .text.HAL_TIM_TriggerCallback
                0x0000000008001cf0       0x12 Drivers/STM32F1xx_HAL_Driver/Src/stm32f1xx_hal_tim.o
                0x0000000008001cf0                HAL_TIM_TriggerCallback
 *fill*         0x0000000008001d02        0x2 
 .text.TIM_Base_SetConfig
                0x0000000008001d04       0xc4 Drivers/STM32F1xx_HAL_Driver/Src/stm32f1xx_hal_tim.o
                0x0000000008001d04                TIM_Base_SetConfig
 .text.HAL_TIMEx_CommutCallback
                0x0000000008001dc8       0x12 Drivers/STM32F1xx_HAL_Driver/Src/stm32f1xx_hal_tim_ex.o
                0x0000000008001dc8                HAL_TIMEx_CommutCallback
 .text.HAL_TIMEx_BreakCallback
                0x0000000008001dda       0x12 Drivers/STM32F1xx_HAL_Driver/Src/stm32f1xx_hal_tim_ex.o
                0x0000000008001dda                HAL_TIMEx_BreakCallback
 .text.HAL_UART_Init
                0x0000000008001dec       0x9a Drivers/STM32F1xx_HAL_Driver/Src/stm32f1xx_hal_uart.o
                0x0000000008001dec                HAL_UART_Init
 .text.HAL_UART_Transmit
                0x0000000008001e86      0x132 Drivers/STM32F1xx_HAL_Driver/Src/stm32f1xx_hal_uart.o
                0x0000000008001e86                HAL_UART_Transmit
 .text.UART_WaitOnFlagUntilTimeout
                0x0000000008001fb8       0x94 Drivers/STM32F1xx_HAL_Driver/Src/stm32f1xx_hal_uart.o
 .text.UART_SetConfig
                0x000000000800204c      0x1b4 Drivers/STM32F1xx_HAL_Driver/Src/stm32f1xx_hal_uart.o
 .text.App_TaskCreateHook
                0x0000000008002200       0x12 ucos-ii/config/app_hooks.o
                0x0000000008002200                App_TaskCreateHook
 .text.App_TaskDelHook
                0x0000000008002212       0x12 ucos-ii/config/app_hooks.o
                0x0000000008002212                App_TaskDelHook
 .text.App_TaskIdleHook
                0x0000000008002224        0xc ucos-ii/config/app_hooks.o
                0x0000000008002224                App_TaskIdleHook
 .text.App_TaskReturnHook
                0x0000000008002230       0x12 ucos-ii/config/app_hooks.o
                0x0000000008002230                App_TaskReturnHook
 .text.App_TaskStatHook
                0x0000000008002242        0xc ucos-ii/config/app_hooks.o
                0x0000000008002242                App_TaskStatHook
 .text.App_TaskSwHook
                0x000000000800224e        0xc ucos-ii/config/app_hooks.o
                0x000000000800224e                App_TaskSwHook
 .text.App_TCBInitHook
                0x000000000800225a       0x12 ucos-ii/config/app_hooks.o
                0x000000000800225a                App_TCBInitHook
 .text.App_TimeTickHook
                0x000000000800226c        0xc ucos-ii/config/app_hooks.o
                0x000000000800226c                App_TimeTickHook
 .text.OSInitHookBegin
                0x0000000008002278       0x4c ucos-ii/port/os_cpu_c.o
                0x0000000008002278                OSInitHookBegin
 .text.OSInitHookEnd
                0x00000000080022c4        0xc ucos-ii/port/os_cpu_c.o
                0x00000000080022c4                OSInitHookEnd
 .text.OSTaskCreateHook
                0x00000000080022d0       0x16 ucos-ii/port/os_cpu_c.o
                0x00000000080022d0                OSTaskCreateHook
 .text.OSTaskDelHook
                0x00000000080022e6       0x16 ucos-ii/port/os_cpu_c.o
                0x00000000080022e6                OSTaskDelHook
 .text.OSTaskIdleHook
                0x00000000080022fc        0xc ucos-ii/port/os_cpu_c.o
                0x00000000080022fc                OSTaskIdleHook
 .text.OSTaskReturnHook
                0x0000000008002308       0x16 ucos-ii/port/os_cpu_c.o
                0x0000000008002308                OSTaskReturnHook
 .text.OSTaskStatHook
                0x000000000800231e        0xc ucos-ii/port/os_cpu_c.o
                0x000000000800231e                OSTaskStatHook
 *fill*         0x000000000800232a        0x2 
 .text.OSTaskStkInit
                0x000000000800232c       0xf8 ucos-ii/port/os_cpu_c.o
                0x000000000800232c                OSTaskStkInit
 .text.OSTaskSwHook
                0x0000000008002424        0xc ucos-ii/port/os_cpu_c.o
                0x0000000008002424                OSTaskSwHook
 .text.OSTCBInitHook
                0x0000000008002430       0x16 ucos-ii/port/os_cpu_c.o
                0x0000000008002430                OSTCBInitHook
 *fill*         0x0000000008002446        0x2 
 .text.OSTimeTickHook
                0x0000000008002448       0x30 ucos-ii/port/os_cpu_c.o
                0x0000000008002448                OSTimeTickHook
 .text.OS_CPU_SysTickHandler
                0x0000000008002478       0x34 ucos-ii/port/os_cpu_c.o
                0x0000000008002478                OS_CPU_SysTickHandler
 .text.OS_CPU_SysTickInit
                0x00000000080024ac       0x44 ucos-ii/port/os_cpu_c.o
                0x00000000080024ac                OS_CPU_SysTickInit
 .text.OSDebugInit
                0x00000000080024f0      0x1d8 ucos-ii/port/os_dbg.o
                0x00000000080024f0                OSDebugInit
 .text.OSEventNameSet
                0x00000000080026c8       0x58 ucos-ii/src/os_core.o
                0x00000000080026c8                OSEventNameSet
 .text.OSInit   0x0000000008002720       0x3c ucos-ii/src/os_core.o
                0x0000000008002720                OSInit
 .text.OSIntExit
                0x000000000800275c       0xa4 ucos-ii/src/os_core.o
                0x000000000800275c                OSIntExit
 .text.OSSchedLock
                0x0000000008002800       0x50 ucos-ii/src/os_core.o
                0x0000000008002800                OSSchedLock
 .text.OSSchedUnlock
                0x0000000008002850       0x74 ucos-ii/src/os_core.o
                0x0000000008002850                OSSchedUnlock
 .text.OSStart  0x00000000080028c4       0x50 ucos-ii/src/os_core.o
                0x00000000080028c4                OSStart
 .text.OSTimeTick
                0x0000000008002914      0x138 ucos-ii/src/os_core.o
                0x0000000008002914                OSTimeTick
 .text.OS_Dummy
                0x0000000008002a4c        0xc ucos-ii/src/os_core.o
                0x0000000008002a4c                OS_Dummy
 .text.OS_EventTaskRdy
                0x0000000008002a58       0xe4 ucos-ii/src/os_core.o
                0x0000000008002a58                OS_EventTaskRdy
 .text.OS_EventTaskWait
                0x0000000008002b3c       0xac ucos-ii/src/os_core.o
                0x0000000008002b3c                OS_EventTaskWait
 .text.OS_EventTaskRemove
                0x0000000008002be8       0x5e ucos-ii/src/os_core.o
                0x0000000008002be8                OS_EventTaskRemove
 .text.OS_EventTaskRemoveMulti
                0x0000000008002c46       0x84 ucos-ii/src/os_core.o
                0x0000000008002c46                OS_EventTaskRemoveMulti
 .text.OS_EventWaitListInit
                0x0000000008002cca       0x34 ucos-ii/src/os_core.o
                0x0000000008002cca                OS_EventWaitListInit
 *fill*         0x0000000008002cfe        0x2 
 .text.OS_InitEventList
                0x0000000008002d00       0x98 ucos-ii/src/os_core.o
 .text.OS_InitMisc
                0x0000000008002d98       0x7c ucos-ii/src/os_core.o
 .text.OS_InitRdyList
                0x0000000008002e14       0x60 ucos-ii/src/os_core.o
 .text.OS_InitTaskIdle
                0x0000000008002e74       0x4c ucos-ii/src/os_core.o
 .text.OS_InitTaskStat
                0x0000000008002ec0       0x4c ucos-ii/src/os_core.o
 .text.OS_InitTCBList
                0x0000000008002f0c       0x9c ucos-ii/src/os_core.o
 .text.OS_MemClr
                0x0000000008002fa8       0x2e ucos-ii/src/os_core.o
                0x0000000008002fa8                OS_MemClr
 *fill*         0x0000000008002fd6        0x2 
 .text.OS_Sched
                0x0000000008002fd8       0x84 ucos-ii/src/os_core.o
                0x0000000008002fd8                OS_Sched
 .text.OS_SchedNew
                0x000000000800305c       0x48 ucos-ii/src/os_core.o
 .text.OS_TaskIdle
                0x00000000080030a4       0x2c ucos-ii/src/os_core.o
                0x00000000080030a4                OS_TaskIdle
 .text.OS_TaskStat
                0x00000000080030d0       0xb4 ucos-ii/src/os_core.o
                0x00000000080030d0                OS_TaskStat
 .text.OS_TaskStatStkChk
                0x0000000008003184       0x68 ucos-ii/src/os_core.o
                0x0000000008003184                OS_TaskStatStkChk
 .text.OS_TCBInit
                0x00000000080031ec      0x1e4 ucos-ii/src/os_core.o
                0x00000000080031ec                OS_TCBInit
 .text.OS_FlagInit
                0x00000000080033d0       0x84 ucos-ii/src/os_flag.o
                0x00000000080033d0                OS_FlagInit
 .text.OS_FlagUnlink
                0x0000000008003454       0x5c ucos-ii/src/os_flag.o
                0x0000000008003454                OS_FlagUnlink
 .text.OS_MemInit
                0x00000000080034b0       0x80 ucos-ii/src/os_mem.o
                0x00000000080034b0                OS_MemInit
 .text.OS_QInit
                0x0000000008003530       0x78 ucos-ii/src/os_q.o
                0x0000000008003530                OS_QInit
 .text.OSSemCreate
                0x00000000080035a8       0x78 ucos-ii/src/os_sem.o
                0x00000000080035a8                OSSemCreate
 .text.OSSemPend
                0x0000000008003620      0x118 ucos-ii/src/os_sem.o
                0x0000000008003620                OSSemPend
 .text.OSSemPost
                0x0000000008003738       0x72 ucos-ii/src/os_sem.o
                0x0000000008003738                OSSemPost
 *fill*         0x00000000080037aa        0x2 
 .text.OSTaskCreate
                0x00000000080037ac       0xbc ucos-ii/src/os_task.o
                0x00000000080037ac                OSTaskCreate
 .text.OSTaskCreateExt
                0x0000000008003868       0xc8 ucos-ii/src/os_task.o
                0x0000000008003868                OSTaskCreateExt
 .text.OSTaskDel
                0x0000000008003930      0x1dc ucos-ii/src/os_task.o
                0x0000000008003930                OSTaskDel
 .text.OSTaskNameSet
                0x0000000008003b0c       0x90 ucos-ii/src/os_task.o
                0x0000000008003b0c                OSTaskNameSet
 .text.OSTaskStkChk
                0x0000000008003b9c       0xc0 ucos-ii/src/os_task.o
                0x0000000008003b9c                OSTaskStkChk
 .text.OSTaskSuspend
                0x0000000008003c5c       0xec ucos-ii/src/os_task.o
                0x0000000008003c5c                OSTaskSuspend
 .text.OS_TaskReturn
                0x0000000008003d48       0x1c ucos-ii/src/os_task.o
                0x0000000008003d48                OS_TaskReturn
 .text.OS_TaskStkClr
                0x0000000008003d64       0x44 ucos-ii/src/os_task.o
                0x0000000008003d64                OS_TaskStkClr
 .text.OSTimeDly
                0x0000000008003da8       0xa4 ucos-ii/src/os_time.o
                0x0000000008003da8                OSTimeDly
 .text.OSTmrSignal
                0x0000000008003e4c       0x24 ucos-ii/src/os_tmr.o
                0x0000000008003e4c                OSTmrSignal
 .text.OSTmr_Init
                0x0000000008003e70      0x118 ucos-ii/src/os_tmr.o
                0x0000000008003e70                OSTmr_Init
 .text.OSTmr_InitTask
                0x0000000008003f88       0x4c ucos-ii/src/os_tmr.o
 .text.OSTmr_Link
                0x0000000008003fd4       0xc0 ucos-ii/src/os_tmr.o
 .text.OSTmr_Unlink
                0x0000000008004094       0x90 ucos-ii/src/os_tmr.o
 .text.OSTmr_Task
                0x0000000008004124       0xac ucos-ii/src/os_tmr.o
 .text.__libc_init_array
                0x00000000080041d0       0x48 d:/st/stm32cubeide_1.3.0/stm32cubeide/plugins/com.st.stm32cube.ide.mcu.externaltools.gnu-tools-for-stm32.7-2018-q2-update.win32_1.0.0.201904181610/tools/bin/../lib/gcc/arm-none-eabi/7.3.1/../../../../arm-none-eabi/lib/thumb/v7-m\libc_nano.a(lib_a-init.o)
                0x00000000080041d0                __libc_init_array
 .text.memset   0x0000000008004218       0x10 d:/st/stm32cubeide_1.3.0/stm32cubeide/plugins/com.st.stm32cube.ide.mcu.externaltools.gnu-tools-for-stm32.7-2018-q2-update.win32_1.0.0.201904181610/tools/bin/../lib/gcc/arm-none-eabi/7.3.1/../../../../arm-none-eabi/lib/thumb/v7-m\libc_nano.a(lib_a-memset.o)
                0x0000000008004218                memset
 *(.glue_7)
 .glue_7        0x0000000008004228        0x0 linker stubs
 *(.glue_7t)
 .glue_7t       0x0000000008004228        0x0 linker stubs
 *(.eh_frame)
 .eh_frame      0x0000000008004228        0x0 d:/st/stm32cubeide_1.3.0/stm32cubeide/plugins/com.st.stm32cube.ide.mcu.externaltools.gnu-tools-for-stm32.7-2018-q2-update.win32_1.0.0.201904181610/tools/bin/../lib/gcc/arm-none-eabi/7.3.1/thumb/v7-m/crtbegin.o
 *(.init)
 .init          0x0000000008004228        0x4 d:/st/stm32cubeide_1.3.0/stm32cubeide/plugins/com.st.stm32cube.ide.mcu.externaltools.gnu-tools-for-stm32.7-2018-q2-update.win32_1.0.0.201904181610/tools/bin/../lib/gcc/arm-none-eabi/7.3.1/thumb/v7-m/crti.o
                0x0000000008004228                _init
 .init          0x000000000800422c        0x8 d:/st/stm32cubeide_1.3.0/stm32cubeide/plugins/com.st.stm32cube.ide.mcu.externaltools.gnu-tools-for-stm32.7-2018-q2-update.win32_1.0.0.201904181610/tools/bin/../lib/gcc/arm-none-eabi/7.3.1/thumb/v7-m/crtn.o
 *(.fini)
 .fini          0x0000000008004234        0x4 d:/st/stm32cubeide_1.3.0/stm32cubeide/plugins/com.st.stm32cube.ide.mcu.externaltools.gnu-tools-for-stm32.7-2018-q2-update.win32_1.0.0.201904181610/tools/bin/../lib/gcc/arm-none-eabi/7.3.1/thumb/v7-m/crti.o
                0x0000000008004234                _fini
 .fini          0x0000000008004238        0x8 d:/st/stm32cubeide_1.3.0/stm32cubeide/plugins/com.st.stm32cube.ide.mcu.externaltools.gnu-tools-for-stm32.7-2018-q2-update.win32_1.0.0.201904181610/tools/bin/../lib/gcc/arm-none-eabi/7.3.1/thumb/v7-m/crtn.o
                0x0000000008004240                . = ALIGN (0x4)
                0x0000000008004240                _etext = .

.vfp11_veneer   0x0000000008004240        0x0
 .vfp11_veneer  0x0000000008004240        0x0 linker stubs

.v4_bx          0x0000000008004240        0x0
 .v4_bx         0x0000000008004240        0x0 linker stubs

.iplt           0x0000000008004240        0x0
 .iplt          0x0000000008004240        0x0 d:/st/stm32cubeide_1.3.0/stm32cubeide/plugins/com.st.stm32cube.ide.mcu.externaltools.gnu-tools-for-stm32.7-2018-q2-update.win32_1.0.0.201904181610/tools/bin/../lib/gcc/arm-none-eabi/7.3.1/thumb/v7-m/crtbegin.o

.rodata         0x0000000008004240      0x234
                0x0000000008004240                . = ALIGN (0x4)
 *(.rodata)
 .rodata        0x0000000008004240       0x12 Drivers/STM32F1xx_HAL_Driver/Src/stm32f1xx_hal_rcc.o
 *fill*         0x0000000008004252        0x2 
 .rodata        0x0000000008004254       0x22 ucos-ii/src/os_core.o
 *fill*         0x0000000008004276        0x2 
 .rodata        0x0000000008004278        0x2 ucos-ii/src/os_flag.o
 *fill*         0x000000000800427a        0x2 
 .rodata        0x000000000800427c        0x2 ucos-ii/src/os_mem.o
 *fill*         0x000000000800427e        0x2 
 .rodata        0x0000000008004280        0x2 ucos-ii/src/os_sem.o
 *fill*         0x0000000008004282        0x2 
 .rodata        0x0000000008004284        0x2 ucos-ii/src/os_task.o
 *fill*         0x0000000008004286        0x2 
 .rodata        0x0000000008004288       0x39 ucos-ii/src/os_tmr.o
 *(.rodata*)
 *fill*         0x00000000080042c1        0x3 
 .rodata.UartSendBuf
                0x00000000080042c4       0x21 Core/Src/main.o
                0x00000000080042c4                UartSendBuf
 *fill*         0x00000000080042e5        0x3 
 .rodata.AHBPrescTable
                0x00000000080042e8       0x10 Core/Src/system_stm32f1xx.o
                0x00000000080042e8                AHBPrescTable
 .rodata.APBPrescTable
                0x00000000080042f8        0x8 Core/Src/system_stm32f1xx.o
                0x00000000080042f8                APBPrescTable
 .rodata.OSDebugEn
                0x0000000008004300        0x2 ucos-ii/port/os_dbg.o
                0x0000000008004300                OSDebugEn
 *fill*         0x0000000008004302        0x2 
 .rodata.OSEndiannessTest
                0x0000000008004304        0x4 ucos-ii/port/os_dbg.o
                0x0000000008004304                OSEndiannessTest
 .rodata.OSEventEn
                0x0000000008004308        0x2 ucos-ii/port/os_dbg.o
                0x0000000008004308                OSEventEn
 .rodata.OSEventMax
                0x000000000800430a        0x2 ucos-ii/port/os_dbg.o
                0x000000000800430a                OSEventMax
 .rodata.OSEventNameEn
                0x000000000800430c        0x2 ucos-ii/port/os_dbg.o
                0x000000000800430c                OSEventNameEn
 .rodata.OSEventSize
                0x000000000800430e        0x2 ucos-ii/port/os_dbg.o
                0x000000000800430e                OSEventSize
 .rodata.OSEventTblSize
                0x0000000008004310        0x2 ucos-ii/port/os_dbg.o
                0x0000000008004310                OSEventTblSize
 .rodata.OSEventMultiEn
                0x0000000008004312        0x2 ucos-ii/port/os_dbg.o
                0x0000000008004312                OSEventMultiEn
 .rodata.OSFlagEn
                0x0000000008004314        0x2 ucos-ii/port/os_dbg.o
                0x0000000008004314                OSFlagEn
 .rodata.OSFlagGrpSize
                0x0000000008004316        0x2 ucos-ii/port/os_dbg.o
                0x0000000008004316                OSFlagGrpSize
 .rodata.OSFlagNodeSize
                0x0000000008004318        0x2 ucos-ii/port/os_dbg.o
                0x0000000008004318                OSFlagNodeSize
 .rodata.OSFlagWidth
                0x000000000800431a        0x2 ucos-ii/port/os_dbg.o
                0x000000000800431a                OSFlagWidth
 .rodata.OSFlagMax
                0x000000000800431c        0x2 ucos-ii/port/os_dbg.o
                0x000000000800431c                OSFlagMax
 .rodata.OSFlagNameEn
                0x000000000800431e        0x2 ucos-ii/port/os_dbg.o
                0x000000000800431e                OSFlagNameEn
 .rodata.OSLowestPrio
                0x0000000008004320        0x2 ucos-ii/port/os_dbg.o
                0x0000000008004320                OSLowestPrio
 .rodata.OSMboxEn
                0x0000000008004322        0x2 ucos-ii/port/os_dbg.o
                0x0000000008004322                OSMboxEn
 .rodata.OSMemEn
                0x0000000008004324        0x2 ucos-ii/port/os_dbg.o
                0x0000000008004324                OSMemEn
 .rodata.OSMemMax
                0x0000000008004326        0x2 ucos-ii/port/os_dbg.o
                0x0000000008004326                OSMemMax
 .rodata.OSMemNameEn
                0x0000000008004328        0x2 ucos-ii/port/os_dbg.o
                0x0000000008004328                OSMemNameEn
 .rodata.OSMemSize
                0x000000000800432a        0x2 ucos-ii/port/os_dbg.o
                0x000000000800432a                OSMemSize
 .rodata.OSMemTblSize
                0x000000000800432c        0x2 ucos-ii/port/os_dbg.o
                0x000000000800432c                OSMemTblSize
 .rodata.OSMutexEn
                0x000000000800432e        0x2 ucos-ii/port/os_dbg.o
                0x000000000800432e                OSMutexEn
 .rodata.OSPtrSize
                0x0000000008004330        0x2 ucos-ii/port/os_dbg.o
                0x0000000008004330                OSPtrSize
 .rodata.OSQEn  0x0000000008004332        0x2 ucos-ii/port/os_dbg.o
                0x0000000008004332                OSQEn
 .rodata.OSQMax
                0x0000000008004334        0x2 ucos-ii/port/os_dbg.o
                0x0000000008004334                OSQMax
 .rodata.OSQSize
                0x0000000008004336        0x2 ucos-ii/port/os_dbg.o
                0x0000000008004336                OSQSize
 .rodata.OSRdyTblSize
                0x0000000008004338        0x2 ucos-ii/port/os_dbg.o
                0x0000000008004338                OSRdyTblSize
 .rodata.OSSemEn
                0x000000000800433a        0x2 ucos-ii/port/os_dbg.o
                0x000000000800433a                OSSemEn
 .rodata.OSStkWidth
                0x000000000800433c        0x2 ucos-ii/port/os_dbg.o
                0x000000000800433c                OSStkWidth
 .rodata.OSTaskCreateEn
                0x000000000800433e        0x2 ucos-ii/port/os_dbg.o
                0x000000000800433e                OSTaskCreateEn
 .rodata.OSTaskCreateExtEn
                0x0000000008004340        0x2 ucos-ii/port/os_dbg.o
                0x0000000008004340                OSTaskCreateExtEn
 .rodata.OSTaskDelEn
                0x0000000008004342        0x2 ucos-ii/port/os_dbg.o
                0x0000000008004342                OSTaskDelEn
 .rodata.OSTaskIdleStkSize
                0x0000000008004344        0x2 ucos-ii/port/os_dbg.o
                0x0000000008004344                OSTaskIdleStkSize
 .rodata.OSTaskProfileEn
                0x0000000008004346        0x2 ucos-ii/port/os_dbg.o
                0x0000000008004346                OSTaskProfileEn
 .rodata.OSTaskMax
                0x0000000008004348        0x2 ucos-ii/port/os_dbg.o
                0x0000000008004348                OSTaskMax
 .rodata.OSTaskNameEn
                0x000000000800434a        0x2 ucos-ii/port/os_dbg.o
                0x000000000800434a                OSTaskNameEn
 .rodata.OSTaskStatEn
                0x000000000800434c        0x2 ucos-ii/port/os_dbg.o
                0x000000000800434c                OSTaskStatEn
 .rodata.OSTaskStatStkSize
                0x000000000800434e        0x2 ucos-ii/port/os_dbg.o
                0x000000000800434e                OSTaskStatStkSize
 .rodata.OSTaskStatStkChkEn
                0x0000000008004350        0x2 ucos-ii/port/os_dbg.o
                0x0000000008004350                OSTaskStatStkChkEn
 .rodata.OSTaskSwHookEn
                0x0000000008004352        0x2 ucos-ii/port/os_dbg.o
                0x0000000008004352                OSTaskSwHookEn
 .rodata.OSTCBPrioTblMax
                0x0000000008004354        0x2 ucos-ii/port/os_dbg.o
                0x0000000008004354                OSTCBPrioTblMax
 .rodata.OSTCBSize
                0x0000000008004356        0x2 ucos-ii/port/os_dbg.o
                0x0000000008004356                OSTCBSize
 .rodata.OSTicksPerSec
                0x0000000008004358        0x2 ucos-ii/port/os_dbg.o
                0x0000000008004358                OSTicksPerSec
 .rodata.OSTimeTickHookEn
                0x000000000800435a        0x2 ucos-ii/port/os_dbg.o
                0x000000000800435a                OSTimeTickHookEn
 .rodata.OSVersionNbr
                0x000000000800435c        0x2 ucos-ii/port/os_dbg.o
                0x000000000800435c                OSVersionNbr
 .rodata.OSTmrEn
                0x000000000800435e        0x2 ucos-ii/port/os_dbg.o
                0x000000000800435e                OSTmrEn
 .rodata.OSTmrCfgMax
                0x0000000008004360        0x2 ucos-ii/port/os_dbg.o
                0x0000000008004360                OSTmrCfgMax
 .rodata.OSTmrCfgNameEn
                0x0000000008004362        0x2 ucos-ii/port/os_dbg.o
                0x0000000008004362                OSTmrCfgNameEn
 .rodata.OSTmrCfgWheelSize
                0x0000000008004364        0x2 ucos-ii/port/os_dbg.o
                0x0000000008004364                OSTmrCfgWheelSize
 .rodata.OSTmrCfgTicksPerSec
                0x0000000008004366        0x2 ucos-ii/port/os_dbg.o
                0x0000000008004366                OSTmrCfgTicksPerSec
 .rodata.OSTmrSize
                0x0000000008004368        0x2 ucos-ii/port/os_dbg.o
                0x0000000008004368                OSTmrSize
 .rodata.OSTmrTblSize
                0x000000000800436a        0x2 ucos-ii/port/os_dbg.o
                0x000000000800436a                OSTmrTblSize
 .rodata.OSTmrWheelSize
                0x000000000800436c        0x2 ucos-ii/port/os_dbg.o
                0x000000000800436c                OSTmrWheelSize
 .rodata.OSTmrWheelTblSize
                0x000000000800436e        0x2 ucos-ii/port/os_dbg.o
                0x000000000800436e                OSTmrWheelTblSize
 .rodata.OSDataSize
                0x0000000008004370        0x2 ucos-ii/port/os_dbg.o
                0x0000000008004370                OSDataSize
 *fill*         0x0000000008004372        0x2 
 .rodata.OSUnMapTbl
                0x0000000008004374      0x100 ucos-ii/src/os_core.o
                0x0000000008004374                OSUnMapTbl
                0x0000000008004474                . = ALIGN (0x4)

.rel.dyn        0x0000000008004474        0x0
 .rel.iplt      0x0000000008004474        0x0 d:/st/stm32cubeide_1.3.0/stm32cubeide/plugins/com.st.stm32cube.ide.mcu.externaltools.gnu-tools-for-stm32.7-2018-q2-update.win32_1.0.0.201904181610/tools/bin/../lib/gcc/arm-none-eabi/7.3.1/thumb/v7-m/crtbegin.o

.ARM.extab      0x0000000008004474        0x0
                0x0000000008004474                . = ALIGN (0x4)
 *(.ARM.extab* .gnu.linkonce.armextab.*)
                0x0000000008004474                . = ALIGN (0x4)

.ARM            0x0000000008004474        0x0
                0x0000000008004474                . = ALIGN (0x4)
                0x0000000008004474                __exidx_start = .
 *(.ARM.exidx*)
                0x0000000008004474                __exidx_end = .
                0x0000000008004474                . = ALIGN (0x4)

.preinit_array  0x0000000008004474        0x0
                0x0000000008004474                . = ALIGN (0x4)
                0x0000000008004474                PROVIDE (__preinit_array_start = .)
 *(.preinit_array*)
                0x0000000008004474                PROVIDE (__preinit_array_end = .)
                0x0000000008004474                . = ALIGN (0x4)

.init_array     0x0000000008004474        0x4
                0x0000000008004474                . = ALIGN (0x4)
                0x0000000008004474                PROVIDE (__init_array_start = .)
 *(SORT_BY_NAME(.init_array.*))
 *(.init_array*)
 .init_array    0x0000000008004474        0x4 d:/st/stm32cubeide_1.3.0/stm32cubeide/plugins/com.st.stm32cube.ide.mcu.externaltools.gnu-tools-for-stm32.7-2018-q2-update.win32_1.0.0.201904181610/tools/bin/../lib/gcc/arm-none-eabi/7.3.1/thumb/v7-m/crtbegin.o
                0x0000000008004478                PROVIDE (__init_array_end = .)
                0x0000000008004478                . = ALIGN (0x4)

.fini_array     0x0000000008004478        0x4
                0x0000000008004478                . = ALIGN (0x4)
                [!provide]                        PROVIDE (__fini_array_start = .)
 *(SORT_BY_NAME(.fini_array.*))
 *(.fini_array*)
 .fini_array    0x0000000008004478        0x4 d:/st/stm32cubeide_1.3.0/stm32cubeide/plugins/com.st.stm32cube.ide.mcu.externaltools.gnu-tools-for-stm32.7-2018-q2-update.win32_1.0.0.201904181610/tools/bin/../lib/gcc/arm-none-eabi/7.3.1/thumb/v7-m/crtbegin.o
                [!provide]                        PROVIDE (__fini_array_end = .)
                0x000000000800447c                . = ALIGN (0x4)
                0x000000000800447c                _sidata = LOADADDR (.data)

.data           0x0000000020000000       0x5c load address 0x000000000800447c
                0x0000000020000000                . = ALIGN (0x4)
                0x0000000020000000                _sdata = .
 *(.data)
 *(.data*)
 .data.DigTbl   0x0000000020000000       0x50 Core/Src/digit.o
                0x0000000020000000                DigTbl
 .data.SystemCoreClock
                0x0000000020000050        0x4 Core/Src/system_stm32f1xx.o
                0x0000000020000050                SystemCoreClock
 .data.uwTickPrio
                0x0000000020000054        0x4 Drivers/STM32F1xx_HAL_Driver/Src/stm32f1xx_hal.o
                0x0000000020000054                uwTickPrio
 .data.uwTickFreq
                0x0000000020000058        0x1 Drivers/STM32F1xx_HAL_Driver/Src/stm32f1xx_hal.o
                0x0000000020000058                uwTickFreq
                0x000000002000005c                . = ALIGN (0x4)
 *fill*         0x0000000020000059        0x3 
                0x000000002000005c                _edata = .

.igot.plt       0x000000002000005c        0x0 load address 0x00000000080044d8
 .igot.plt      0x000000002000005c        0x0 d:/st/stm32cubeide_1.3.0/stm32cubeide/plugins/com.st.stm32cube.ide.mcu.externaltools.gnu-tools-for-stm32.7-2018-q2-update.win32_1.0.0.201904181610/tools/bin/../lib/gcc/arm-none-eabi/7.3.1/thumb/v7-m/crtbegin.o
                0x000000002000005c                . = ALIGN (0x4)

.bss            0x000000002000005c     0x3d78 load address 0x00000000080044d8
                0x000000002000005c                _sbss = .
                0x000000002000005c                __bss_start__ = _sbss
 *(.bss)
 .bss           0x000000002000005c       0x1c d:/st/stm32cubeide_1.3.0/stm32cubeide/plugins/com.st.stm32cube.ide.mcu.externaltools.gnu-tools-for-stm32.7-2018-q2-update.win32_1.0.0.201904181610/tools/bin/../lib/gcc/arm-none-eabi/7.3.1/thumb/v7-m/crtbegin.o
 *(.bss*)
 .bss.OSTmrCtr  0x0000000020000078        0x2 ucos-ii/port/os_cpu_c.o
 *(COMMON)
 *fill*         0x000000002000007a        0x2 
 COMMON         0x000000002000007c     0x17bc Core/Src/main.o
                0x000000002000007c                temperature
                0x0000000020000080                TASK_DHT11READ_STK
                0x0000000020000850                humidity
                0x0000000020000854                huart1
                0x0000000020000894                TASK_DISPLAY_STK
                0x0000000020001064                frac_temp
                0x0000000020001065                frac_hum
                0x0000000020001068                TASK_UART_STK
 COMMON         0x0000000020001838       0x40 Core/Src/stm32f1xx_hal_timebase_tim.o
                0x0000000020001838                htim4
 COMMON         0x0000000020001878        0x4 Drivers/STM32F1xx_HAL_Driver/Src/stm32f1xx_hal.o
                0x0000000020001878                uwTick
 COMMON         0x000000002000187c      0x204 ucos-ii/port/os_cpu_c.o
                0x000000002000187c                OS_CPU_ExceptStkBase
                0x0000000020001880                OS_CPU_ExceptStk
 COMMON         0x0000000020001a80     0x2354 ucos-ii/src/os_core.o
                0x0000000020001a80                OSTmrFreeList
                0x0000000020001a84                OSTmrWheelTbl
                0x0000000020001ac4                OSLockNesting
                0x0000000020001ac8                OSTmrSemSignal
                0x0000000020001acc                OSTaskRegNextAvailID
                0x0000000020001acd                OSRunning
                0x0000000020001ad0                OSIdleCtr
                0x0000000020001ad4                OSTmrUsed
                0x0000000020001ad6                OSPrioHighRdy
                0x0000000020001ad8                OSFlagTbl
                0x0000000020001b28                OSTmrTbl
                0x0000000020001da8                OSPrioCur
                0x0000000020001dac                OSTCBList
                0x0000000020001db0                OSMemTbl
                0x0000000020001e28                OSTickStepState
                0x0000000020001e2c                OSTaskStatStk
                0x000000002000202c                OSCtxSwCtr
                0x0000000020002030                OSTmrFree
                0x0000000020002034                OSIdleCtrMax
                0x0000000020002038                OSTCBFreeList
                0x000000002000203c                OSCPUUsage
                0x000000002000203d                OSTaskCtr
                0x0000000020002040                OSMemFreeList
                0x0000000020002044                OSQTbl
                0x00000000200020a4                OSTCBHighRdy
                0x00000000200020a8                OSQFreeList
                0x00000000200020ac                OSRdyGrp
                0x00000000200020b0                OSRdyTbl
                0x00000000200020b8                OSTmrTaskStk
                0x00000000200022b8                OSEventFreeList
                0x00000000200022bc                OSIntNesting
                0x00000000200022c0                OSTCBCur
                0x00000000200022c4                OSTmrTime
                0x00000000200022c8                OSTime
                0x00000000200022cc                OSTmrSem
                0x00000000200022d0                OSTaskIdleStk
                0x00000000200024d0                OSEventTbl
                0x0000000020003538                OSTCBTbl
                0x0000000020003cc8                OSFlagFreeList
                0x0000000020003ccc                OSStatRdy
                0x0000000020003cd0                OSTCBPrioTbl
                0x0000000020003dd0                OSIdleCtrRun
                0x0000000020003dd4                . = ALIGN (0x4)
                0x0000000020003dd4                _ebss = .
                0x0000000020003dd4                __bss_end__ = _ebss

._user_heap_stack
                0x0000000020003dd4      0x604 load address 0x00000000080044d8
                0x0000000020003dd8                . = ALIGN (0x8)
 *fill*         0x0000000020003dd4        0x4 
                0x0000000020003dd8                PROVIDE (end = .)
                [!provide]                        PROVIDE (_end = .)
                0x0000000020003fd8                . = (. + _Min_Heap_Size)
 *fill*         0x0000000020003dd8      0x200 
                0x00000000200043d8                . = (. + _Min_Stack_Size)
 *fill*         0x0000000020003fd8      0x400 
                0x00000000200043d8                . = ALIGN (0x8)

/DISCARD/
 libc.a(*)
 libm.a(*)
 libgcc.a(*)

.ARM.attributes
                0x0000000000000000       0x29
 *(.ARM.attributes)
 .ARM.attributes
                0x0000000000000000       0x1d d:/st/stm32cubeide_1.3.0/stm32cubeide/plugins/com.st.stm32cube.ide.mcu.externaltools.gnu-tools-for-stm32.7-2018-q2-update.win32_1.0.0.201904181610/tools/bin/../lib/gcc/arm-none-eabi/7.3.1/thumb/v7-m/crti.o
 .ARM.attributes
                0x000000000000001d       0x2d d:/st/stm32cubeide_1.3.0/stm32cubeide/plugins/com.st.stm32cube.ide.mcu.externaltools.gnu-tools-for-stm32.7-2018-q2-update.win32_1.0.0.201904181610/tools/bin/../lib/gcc/arm-none-eabi/7.3.1/thumb/v7-m/crtbegin.o
 .ARM.attributes
                0x000000000000004a       0x33 Core/Src/dht11.o
 .ARM.attributes
                0x000000000000007d       0x33 Core/Src/digit.o
 .ARM.attributes
                0x00000000000000b0       0x33 Core/Src/main.o
 .ARM.attributes
                0x00000000000000e3       0x33 Core/Src/stm32f1xx_hal_msp.o
 .ARM.attributes
                0x0000000000000116       0x33 Core/Src/stm32f1xx_hal_timebase_tim.o
 .ARM.attributes
                0x0000000000000149       0x33 Core/Src/stm32f1xx_it.o
 .ARM.attributes
                0x000000000000017c       0x33 Core/Src/system_stm32f1xx.o
 .ARM.attributes
                0x00000000000001af       0x21 Core/Startup/startup_stm32f103c8tx.o
 .ARM.attributes
                0x00000000000001d0       0x33 Drivers/STM32F1xx_HAL_Driver/Src/stm32f1xx_hal.o
 .ARM.attributes
                0x0000000000000203       0x33 Drivers/STM32F1xx_HAL_Driver/Src/stm32f1xx_hal_cortex.o
 .ARM.attributes
                0x0000000000000236       0x33 Drivers/STM32F1xx_HAL_Driver/Src/stm32f1xx_hal_gpio.o
 .ARM.attributes
                0x0000000000000269       0x33 Drivers/STM32F1xx_HAL_Driver/Src/stm32f1xx_hal_rcc.o
 .ARM.attributes
                0x000000000000029c       0x33 Drivers/STM32F1xx_HAL_Driver/Src/stm32f1xx_hal_tim.o
 .ARM.attributes
                0x00000000000002cf       0x33 Drivers/STM32F1xx_HAL_Driver/Src/stm32f1xx_hal_tim_ex.o
 .ARM.attributes
                0x0000000000000302       0x33 Drivers/STM32F1xx_HAL_Driver/Src/stm32f1xx_hal_uart.o
 .ARM.attributes
                0x0000000000000335       0x33 ucos-ii/config/app_hooks.o
 .ARM.attributes
                0x0000000000000368       0x21 ucos-ii/port/os_cpu_a.o
 .ARM.attributes
                0x0000000000000389       0x33 ucos-ii/port/os_cpu_c.o
 .ARM.attributes
                0x00000000000003bc       0x33 ucos-ii/port/os_dbg.o
 .ARM.attributes
                0x00000000000003ef       0x33 ucos-ii/src/os_core.o
 .ARM.attributes
                0x0000000000000422       0x33 ucos-ii/src/os_flag.o
 .ARM.attributes
                0x0000000000000455       0x33 ucos-ii/src/os_mem.o
 .ARM.attributes
                0x0000000000000488       0x33 ucos-ii/src/os_q.o
 .ARM.attributes
                0x00000000000004bb       0x33 ucos-ii/src/os_sem.o
 .ARM.attributes
                0x00000000000004ee       0x33 ucos-ii/src/os_task.o
 .ARM.attributes
                0x0000000000000521       0x33 ucos-ii/src/os_time.o
 .ARM.attributes
                0x0000000000000554       0x33 ucos-ii/src/os_tmr.o
 .ARM.attributes
                0x0000000000000587       0x2d d:/st/stm32cubeide_1.3.0/stm32cubeide/plugins/com.st.stm32cube.ide.mcu.externaltools.gnu-tools-for-stm32.7-2018-q2-update.win32_1.0.0.201904181610/tools/bin/../lib/gcc/arm-none-eabi/7.3.1/../../../../arm-none-eabi/lib/thumb/v7-m\libc_nano.a(lib_a-init.o)
 .ARM.attributes
                0x00000000000005b4       0x2d d:/st/stm32cubeide_1.3.0/stm32cubeide/plugins/com.st.stm32cube.ide.mcu.externaltools.gnu-tools-for-stm32.7-2018-q2-update.win32_1.0.0.201904181610/tools/bin/../lib/gcc/arm-none-eabi/7.3.1/../../../../arm-none-eabi/lib/thumb/v7-m\libc_nano.a(lib_a-memset.o)
 .ARM.attributes
                0x00000000000005e1       0x1d d:/st/stm32cubeide_1.3.0/stm32cubeide/plugins/com.st.stm32cube.ide.mcu.externaltools.gnu-tools-for-stm32.7-2018-q2-update.win32_1.0.0.201904181610/tools/bin/../lib/gcc/arm-none-eabi/7.3.1/thumb/v7-m/crtn.o
OUTPUT(ex9_ucos ii_Temprature.elf elf32-littlearm)

.debug_info     0x0000000000000000    0x17c47
 .debug_info    0x0000000000000000     0x137b Core/Src/dht11.o
 .debug_info    0x000000000000137b     0x1313 Core/Src/digit.o
 .debug_info    0x000000000000268e     0x1dae Core/Src/main.o
 .debug_info    0x000000000000443c     0x189a Core/Src/stm32f1xx_hal_msp.o
 .debug_info    0x0000000000005cd6      0x8e8 Core/Src/stm32f1xx_hal_timebase_tim.o
 .debug_info    0x00000000000065be     0x170b Core/Src/stm32f1xx_it.o
 .debug_info    0x0000000000007cc9      0x433 Core/Src/system_stm32f1xx.o
 .debug_info    0x00000000000080fc       0x22 Core/Startup/startup_stm32f103c8tx.o
 .debug_info    0x000000000000811e      0x6fe Drivers/STM32F1xx_HAL_Driver/Src/stm32f1xx_hal.o
 .debug_info    0x000000000000881c      0xb46 Drivers/STM32F1xx_HAL_Driver/Src/stm32f1xx_hal_cortex.o
 .debug_info    0x0000000000009362      0x681 Drivers/STM32F1xx_HAL_Driver/Src/stm32f1xx_hal_gpio.o
 .debug_info    0x00000000000099e3      0x804 Drivers/STM32F1xx_HAL_Driver/Src/stm32f1xx_hal_rcc.o
 .debug_info    0x000000000000a1e7     0x2456 Drivers/STM32F1xx_HAL_Driver/Src/stm32f1xx_hal_tim.o
 .debug_info    0x000000000000c63d     0x1104 Drivers/STM32F1xx_HAL_Driver/Src/stm32f1xx_hal_tim_ex.o
 .debug_info    0x000000000000d741     0x11e3 Drivers/STM32F1xx_HAL_Driver/Src/stm32f1xx_hal_uart.o
 .debug_info    0x000000000000e924     0x11bc ucos-ii/config/app_hooks.o
 .debug_info    0x000000000000fae0       0x26 ucos-ii/port/os_cpu_a.o
 .debug_info    0x000000000000fb06      0xa73 ucos-ii/port/os_cpu_c.o
 .debug_info    0x0000000000010579      0xc48 ucos-ii/port/os_dbg.o
 .debug_info    0x00000000000111c1     0x120e ucos-ii/src/os_core.o
 .debug_info    0x00000000000123cf      0xe36 ucos-ii/src/os_flag.o
 .debug_info    0x0000000000013205      0xb5e ucos-ii/src/os_mem.o
 .debug_info    0x0000000000013d63      0xd23 ucos-ii/src/os_q.o
 .debug_info    0x0000000000014a86      0xb79 ucos-ii/src/os_sem.o
 .debug_info    0x00000000000155ff      0xf76 ucos-ii/src/os_task.o
 .debug_info    0x0000000000016575      0x9c8 ucos-ii/src/os_time.o
 .debug_info    0x0000000000016f3d      0xd0a ucos-ii/src/os_tmr.o

.debug_abbrev   0x0000000000000000     0x3055
 .debug_abbrev  0x0000000000000000      0x226 Core/Src/dht11.o
 .debug_abbrev  0x0000000000000226      0x20e Core/Src/digit.o
 .debug_abbrev  0x0000000000000434      0x2de Core/Src/main.o
 .debug_abbrev  0x0000000000000712      0x20a Core/Src/stm32f1xx_hal_msp.o
 .debug_abbrev  0x000000000000091c      0x19d Core/Src/stm32f1xx_hal_timebase_tim.o
 .debug_abbrev  0x0000000000000ab9      0x1e7 Core/Src/stm32f1xx_it.o
 .debug_abbrev  0x0000000000000ca0      0x134 Core/Src/system_stm32f1xx.o
 .debug_abbrev  0x0000000000000dd4       0x12 Core/Startup/startup_stm32f103c8tx.o
 .debug_abbrev  0x0000000000000de6      0x1d8 Drivers/STM32F1xx_HAL_Driver/Src/stm32f1xx_hal.o
 .debug_abbrev  0x0000000000000fbe      0x2d5 Drivers/STM32F1xx_HAL_Driver/Src/stm32f1xx_hal_cortex.o
 .debug_abbrev  0x0000000000001293      0x1c0 Drivers/STM32F1xx_HAL_Driver/Src/stm32f1xx_hal_gpio.o
 .debug_abbrev  0x0000000000001453      0x243 Drivers/STM32F1xx_HAL_Driver/Src/stm32f1xx_hal_rcc.o
 .debug_abbrev  0x0000000000001696      0x230 Drivers/STM32F1xx_HAL_Driver/Src/stm32f1xx_hal_tim.o
 .debug_abbrev  0x00000000000018c6      0x21e Drivers/STM32F1xx_HAL_Driver/Src/stm32f1xx_hal_tim_ex.o
 .debug_abbrev  0x0000000000001ae4      0x242 Drivers/STM32F1xx_HAL_Driver/Src/stm32f1xx_hal_uart.o
 .debug_abbrev  0x0000000000001d26      0x1e1 ucos-ii/config/app_hooks.o
 .debug_abbrev  0x0000000000001f07       0x14 ucos-ii/port/os_cpu_a.o
 .debug_abbrev  0x0000000000001f1b      0x1eb ucos-ii/port/os_cpu_c.o
 .debug_abbrev  0x0000000000002106       0xff ucos-ii/port/os_dbg.o
 .debug_abbrev  0x0000000000002205      0x280 ucos-ii/src/os_core.o
 .debug_abbrev  0x0000000000002485      0x1d9 ucos-ii/src/os_flag.o
 .debug_abbrev  0x000000000000265e      0x18d ucos-ii/src/os_mem.o
 .debug_abbrev  0x00000000000027eb      0x1ab ucos-ii/src/os_q.o
 .debug_abbrev  0x0000000000002996      0x1ab ucos-ii/src/os_sem.o
 .debug_abbrev  0x0000000000002b41      0x1ce ucos-ii/src/os_task.o
 .debug_abbrev  0x0000000000002d0f      0x160 ucos-ii/src/os_time.o
 .debug_abbrev  0x0000000000002e6f      0x1e6 ucos-ii/src/os_tmr.o

.debug_aranges  0x0000000000000000     0x10a0
 .debug_aranges
                0x0000000000000000       0x30 Core/Src/dht11.o
 .debug_aranges
                0x0000000000000030       0x28 Core/Src/digit.o
 .debug_aranges
                0x0000000000000058       0x60 Core/Src/main.o
 .debug_aranges
                0x00000000000000b8       0x30 Core/Src/stm32f1xx_hal_msp.o
 .debug_aranges
                0x00000000000000e8       0x30 Core/Src/stm32f1xx_hal_timebase_tim.o
 .debug_aranges
                0x0000000000000118       0x68 Core/Src/stm32f1xx_it.o
 .debug_aranges
                0x0000000000000180       0x28 Core/Src/system_stm32f1xx.o
 .debug_aranges
                0x00000000000001a8       0x28 Core/Startup/startup_stm32f103c8tx.o
 .debug_aranges
                0x00000000000001d0       0xe0 Drivers/STM32F1xx_HAL_Driver/Src/stm32f1xx_hal.o
 .debug_aranges
                0x00000000000002b0      0x100 Drivers/STM32F1xx_HAL_Driver/Src/stm32f1xx_hal_cortex.o
 .debug_aranges
                0x00000000000003b0       0x58 Drivers/STM32F1xx_HAL_Driver/Src/stm32f1xx_hal_gpio.o
 .debug_aranges
                0x0000000000000408       0x90 Drivers/STM32F1xx_HAL_Driver/Src/stm32f1xx_hal_rcc.o
 .debug_aranges
                0x0000000000000498      0x3a8 Drivers/STM32F1xx_HAL_Driver/Src/stm32f1xx_hal_tim.o
 .debug_aranges
                0x0000000000000840      0x150 Drivers/STM32F1xx_HAL_Driver/Src/stm32f1xx_hal_tim_ex.o
 .debug_aranges
                0x0000000000000990      0x1d0 Drivers/STM32F1xx_HAL_Driver/Src/stm32f1xx_hal_uart.o
 .debug_aranges
                0x0000000000000b60       0x58 ucos-ii/config/app_hooks.o
 .debug_aranges
                0x0000000000000bb8       0x20 ucos-ii/port/os_cpu_a.o
 .debug_aranges
                0x0000000000000bd8       0x80 ucos-ii/port/os_cpu_c.o
 .debug_aranges
                0x0000000000000c58       0x20 ucos-ii/port/os_dbg.o
 .debug_aranges
                0x0000000000000c78      0x128 ucos-ii/src/os_core.o
 .debug_aranges
                0x0000000000000da0       0x80 ucos-ii/src/os_flag.o
 .debug_aranges
                0x0000000000000e20       0x50 ucos-ii/src/os_mem.o
 .debug_aranges
                0x0000000000000e70       0x70 ucos-ii/src/os_q.o
 .debug_aranges
                0x0000000000000ee0       0x58 ucos-ii/src/os_sem.o
 .debug_aranges
                0x0000000000000f38       0x98 ucos-ii/src/os_task.o
 .debug_aranges
                0x0000000000000fd0       0x40 ucos-ii/src/os_time.o
 .debug_aranges
                0x0000000000001010       0x90 ucos-ii/src/os_tmr.o

.debug_ranges   0x0000000000000000      0xee8
 .debug_ranges  0x0000000000000000       0x20 Core/Src/dht11.o
 .debug_ranges  0x0000000000000020       0x18 Core/Src/digit.o
 .debug_ranges  0x0000000000000038       0x50 Core/Src/main.o
 .debug_ranges  0x0000000000000088       0x20 Core/Src/stm32f1xx_hal_msp.o
 .debug_ranges  0x00000000000000a8       0x20 Core/Src/stm32f1xx_hal_timebase_tim.o
 .debug_ranges  0x00000000000000c8       0x58 Core/Src/stm32f1xx_it.o
 .debug_ranges  0x0000000000000120       0x18 Core/Src/system_stm32f1xx.o
 .debug_ranges  0x0000000000000138       0x20 Core/Startup/startup_stm32f103c8tx.o
 .debug_ranges  0x0000000000000158       0xd0 Drivers/STM32F1xx_HAL_Driver/Src/stm32f1xx_hal.o
 .debug_ranges  0x0000000000000228       0xf0 Drivers/STM32F1xx_HAL_Driver/Src/stm32f1xx_hal_cortex.o
 .debug_ranges  0x0000000000000318       0x48 Drivers/STM32F1xx_HAL_Driver/Src/stm32f1xx_hal_gpio.o
 .debug_ranges  0x0000000000000360       0x80 Drivers/STM32F1xx_HAL_Driver/Src/stm32f1xx_hal_rcc.o
 .debug_ranges  0x00000000000003e0      0x398 Drivers/STM32F1xx_HAL_Driver/Src/stm32f1xx_hal_tim.o
 .debug_ranges  0x0000000000000778      0x140 Drivers/STM32F1xx_HAL_Driver/Src/stm32f1xx_hal_tim_ex.o
 .debug_ranges  0x00000000000008b8      0x1c0 Drivers/STM32F1xx_HAL_Driver/Src/stm32f1xx_hal_uart.o
 .debug_ranges  0x0000000000000a78       0x48 ucos-ii/config/app_hooks.o
 .debug_ranges  0x0000000000000ac0       0x70 ucos-ii/port/os_cpu_c.o
 .debug_ranges  0x0000000000000b30       0x10 ucos-ii/port/os_dbg.o
 .debug_ranges  0x0000000000000b40      0x118 ucos-ii/src/os_core.o
 .debug_ranges  0x0000000000000c58       0x70 ucos-ii/src/os_flag.o
 .debug_ranges  0x0000000000000cc8       0x40 ucos-ii/src/os_mem.o
 .debug_ranges  0x0000000000000d08       0x60 ucos-ii/src/os_q.o
 .debug_ranges  0x0000000000000d68       0x48 ucos-ii/src/os_sem.o
 .debug_ranges  0x0000000000000db0       0x88 ucos-ii/src/os_task.o
 .debug_ranges  0x0000000000000e38       0x30 ucos-ii/src/os_time.o
 .debug_ranges  0x0000000000000e68       0x80 ucos-ii/src/os_tmr.o

.debug_macro    0x0000000000000000    0x16501
 .debug_macro   0x0000000000000000      0x385 Core/Src/dht11.o
 .debug_macro   0x0000000000000385      0xa5a Core/Src/dht11.o
 .debug_macro   0x0000000000000ddf      0x21b Core/Src/dht11.o
 .debug_macro   0x0000000000000ffa       0x2e Core/Src/dht11.o
 .debug_macro   0x0000000000001028       0x22 Core/Src/dht11.o
 .debug_macro   0x000000000000104a       0x22 Core/Src/dht11.o
 .debug_macro   0x000000000000106c       0x8e Core/Src/dht11.o
 .debug_macro   0x00000000000010fa       0x51 Core/Src/dht11.o
 .debug_macro   0x000000000000114b       0xef Core/Src/dht11.o
 .debug_macro   0x000000000000123a       0x6a Core/Src/dht11.o
 .debug_macro   0x00000000000012a4      0x1df Core/Src/dht11.o
 .debug_macro   0x0000000000001483       0x1c Core/Src/dht11.o
 .debug_macro   0x000000000000149f       0x22 Core/Src/dht11.o
 .debug_macro   0x00000000000014c1       0xc3 Core/Src/dht11.o
 .debug_macro   0x0000000000001584      0xd23 Core/Src/dht11.o
 .debug_macro   0x00000000000022a7     0xe09e Core/Src/dht11.o
 .debug_macro   0x0000000000010345       0x43 Core/Src/dht11.o
 .debug_macro   0x0000000000010388      0x174 Core/Src/dht11.o
 .debug_macro   0x00000000000104fc       0x5a Core/Src/dht11.o
 .debug_macro   0x0000000000010556      0x5be Core/Src/dht11.o
 .debug_macro   0x0000000000010b14      0x289 Core/Src/dht11.o
 .debug_macro   0x0000000000010d9d      0x1cb Core/Src/dht11.o
 .debug_macro   0x0000000000010f68      0x114 Core/Src/dht11.o
 .debug_macro   0x000000000001107c      0x1b2 Core/Src/dht11.o
 .debug_macro   0x000000000001122e       0x27 Core/Src/dht11.o
 .debug_macro   0x0000000000011255      0x136 Core/Src/dht11.o
 .debug_macro   0x000000000001138b      0x1bc Core/Src/dht11.o
 .debug_macro   0x0000000000011547       0x34 Core/Src/dht11.o
 .debug_macro   0x000000000001157b       0x3c Core/Src/dht11.o
 .debug_macro   0x00000000000115b7       0x57 Core/Src/dht11.o
 .debug_macro   0x000000000001160e       0x88 Core/Src/dht11.o
 .debug_macro   0x0000000000011696      0x241 Core/Src/dht11.o
 .debug_macro   0x00000000000118d7      0x141 Core/Src/dht11.o
 .debug_macro   0x0000000000011a18      0x88b Core/Src/dht11.o
 .debug_macro   0x00000000000122a3      0x26b Core/Src/dht11.o
 .debug_macro   0x000000000001250e       0x83 Core/Src/dht11.o
 .debug_macro   0x0000000000012591      0x34e Core/Src/dht11.o
 .debug_macro   0x00000000000128df       0x58 Core/Src/dht11.o
 .debug_macro   0x0000000000012937       0x46 Core/Src/dht11.o
 .debug_macro   0x000000000001297d       0x18 Core/Src/dht11.o
 .debug_macro   0x0000000000012995       0x3c Core/Src/dht11.o
 .debug_macro   0x00000000000129d1       0x34 Core/Src/dht11.o
 .debug_macro   0x0000000000012a05       0x16 Core/Src/dht11.o
 .debug_macro   0x0000000000012a1b       0x35 Core/Src/dht11.o
 .debug_macro   0x0000000000012a50      0x32a Core/Src/dht11.o
 .debug_macro   0x0000000000012d7a       0x52 Core/Src/dht11.o
 .debug_macro   0x0000000000012dcc       0x1f Core/Src/dht11.o
 .debug_macro   0x0000000000012deb       0x43 Core/Src/dht11.o
 .debug_macro   0x0000000000012e2e       0x20 Core/Src/dht11.o
 .debug_macro   0x0000000000012e4e      0x1a3 Core/Src/dht11.o
 .debug_macro   0x0000000000012ff1       0x10 Core/Src/dht11.o
 .debug_macro   0x0000000000013001       0x1c Core/Src/dht11.o
 .debug_macro   0x000000000001301d       0x52 Core/Src/dht11.o
 .debug_macro   0x000000000001306f       0x40 Core/Src/dht11.o
 .debug_macro   0x00000000000130af       0x10 Core/Src/dht11.o
 .debug_macro   0x00000000000130bf       0x40 Core/Src/dht11.o
 .debug_macro   0x00000000000130ff       0xd7 Core/Src/dht11.o
 .debug_macro   0x00000000000131d6       0x1c Core/Src/dht11.o
 .debug_macro   0x00000000000131f2       0x3d Core/Src/dht11.o
 .debug_macro   0x000000000001322f       0x16 Core/Src/dht11.o
 .debug_macro   0x0000000000013245      0x145 Core/Src/dht11.o
 .debug_macro   0x000000000001338a       0x16 Core/Src/dht11.o
 .debug_macro   0x00000000000133a0       0x16 Core/Src/dht11.o
 .debug_macro   0x00000000000133b6       0x29 Core/Src/dht11.o
 .debug_macro   0x00000000000133df      0x1e1 Core/Src/dht11.o
 .debug_macro   0x00000000000135c0       0x10 Core/Src/dht11.o
 .debug_macro   0x00000000000135d0       0x5e Core/Src/dht11.o
 .debug_macro   0x000000000001362e      0x1d5 Core/Src/dht11.o
 .debug_macro   0x0000000000013803       0x34 Core/Src/dht11.o
 .debug_macro   0x0000000000013837      0x409 Core/Src/dht11.o
 .debug_macro   0x0000000000013c40       0xa0 Core/Src/dht11.o
 .debug_macro   0x0000000000013ce0       0x10 Core/Src/dht11.o
 .debug_macro   0x0000000000013cf0      0x385 Core/Src/digit.o
 .debug_macro   0x0000000000014075       0x1c Core/Src/digit.o
 .debug_macro   0x0000000000014091      0x3b2 Core/Src/main.o
 .debug_macro   0x0000000000014443      0x37c Core/Src/stm32f1xx_hal_msp.o
 .debug_macro   0x00000000000147bf      0x19a Core/Src/stm32f1xx_hal_timebase_tim.o
 .debug_macro   0x0000000000014959      0x386 Core/Src/stm32f1xx_it.o
 .debug_macro   0x0000000000014cdf      0x1a0 Core/Src/system_stm32f1xx.o
 .debug_macro   0x0000000000014e7f      0x1be Drivers/STM32F1xx_HAL_Driver/Src/stm32f1xx_hal.o
 .debug_macro   0x000000000001503d      0x19a Drivers/STM32F1xx_HAL_Driver/Src/stm32f1xx_hal_cortex.o
 .debug_macro   0x00000000000151d7      0x205 Drivers/STM32F1xx_HAL_Driver/Src/stm32f1xx_hal_gpio.o
 .debug_macro   0x00000000000153dc      0x1ac Drivers/STM32F1xx_HAL_Driver/Src/stm32f1xx_hal_rcc.o
 .debug_macro   0x0000000000015588      0x19b Drivers/STM32F1xx_HAL_Driver/Src/stm32f1xx_hal_tim.o
 .debug_macro   0x0000000000015723      0x19a Drivers/STM32F1xx_HAL_Driver/Src/stm32f1xx_hal_tim_ex.o
 .debug_macro   0x00000000000158bd      0x19b Drivers/STM32F1xx_HAL_Driver/Src/stm32f1xx_hal_uart.o
 .debug_macro   0x0000000000015a58      0x20a ucos-ii/config/app_hooks.o
 .debug_macro   0x0000000000015c62       0x97 ucos-ii/config/app_hooks.o
 .debug_macro   0x0000000000015cf9       0xfd ucos-ii/config/app_hooks.o
 .debug_macro   0x0000000000015df6       0x7c ucos-ii/port/os_cpu_c.o
 .debug_macro   0x0000000000015e72       0x34 ucos-ii/port/os_cpu_c.o
 .debug_macro   0x0000000000015ea6       0x40 ucos-ii/port/os_dbg.o
 .debug_macro   0x0000000000015ee6       0x46 ucos-ii/src/os_core.o
 .debug_macro   0x0000000000015f2c      0x409 ucos-ii/src/os_core.o
 .debug_macro   0x0000000000016335       0x40 ucos-ii/src/os_flag.o
 .debug_macro   0x0000000000016375       0x40 ucos-ii/src/os_mem.o
 .debug_macro   0x00000000000163b5       0x40 ucos-ii/src/os_q.o
 .debug_macro   0x00000000000163f5       0x40 ucos-ii/src/os_sem.o
 .debug_macro   0x0000000000016435       0x40 ucos-ii/src/os_task.o
 .debug_macro   0x0000000000016475       0x40 ucos-ii/src/os_time.o
 .debug_macro   0x00000000000164b5       0x4c ucos-ii/src/os_tmr.o

.debug_line     0x0000000000000000     0xaed6
 .debug_line    0x0000000000000000      0x931 Core/Src/dht11.o
 .debug_line    0x0000000000000931      0x8d5 Core/Src/digit.o
 .debug_line    0x0000000000001206      0xa1e Core/Src/main.o
 .debug_line    0x0000000000001c24      0x8ec Core/Src/stm32f1xx_hal_msp.o
 .debug_line    0x0000000000002510      0x66a Core/Src/stm32f1xx_hal_timebase_tim.o
 .debug_line    0x0000000000002b7a      0x96f Core/Src/stm32f1xx_it.o
 .debug_line    0x00000000000034e9      0x667 Core/Src/system_stm32f1xx.o
 .debug_line    0x0000000000003b50       0x84 Core/Startup/startup_stm32f103c8tx.o
 .debug_line    0x0000000000003bd4      0x80f Drivers/STM32F1xx_HAL_Driver/Src/stm32f1xx_hal.o
 .debug_line    0x00000000000043e3      0x8e8 Drivers/STM32F1xx_HAL_Driver/Src/stm32f1xx_hal_cortex.o
 .debug_line    0x0000000000004ccb      0x80f Drivers/STM32F1xx_HAL_Driver/Src/stm32f1xx_hal_gpio.o
 .debug_line    0x00000000000054da      0x8d1 Drivers/STM32F1xx_HAL_Driver/Src/stm32f1xx_hal_rcc.o
 .debug_line    0x0000000000005dab     0x16d5 Drivers/STM32F1xx_HAL_Driver/Src/stm32f1xx_hal_tim.o
 .debug_line    0x0000000000007480      0xc22 Drivers/STM32F1xx_HAL_Driver/Src/stm32f1xx_hal_tim_ex.o
 .debug_line    0x00000000000080a2      0xf1a Drivers/STM32F1xx_HAL_Driver/Src/stm32f1xx_hal_uart.o
 .debug_line    0x0000000000008fbc      0x64c ucos-ii/config/app_hooks.o
 .debug_line    0x0000000000009608       0x99 ucos-ii/port/os_cpu_a.o
 .debug_line    0x00000000000096a1      0x19a ucos-ii/port/os_cpu_c.o
 .debug_line    0x000000000000983b       0xd6 ucos-ii/port/os_dbg.o
 .debug_line    0x0000000000009911      0x59b ucos-ii/src/os_core.o
 .debug_line    0x0000000000009eac      0x31b ucos-ii/src/os_flag.o
 .debug_line    0x000000000000a1c7      0x194 ucos-ii/src/os_mem.o
 .debug_line    0x000000000000a35b      0x291 ucos-ii/src/os_q.o
 .debug_line    0x000000000000a5ec      0x1d9 ucos-ii/src/os_sem.o
 .debug_line    0x000000000000a7c5      0x309 ucos-ii/src/os_task.o
 .debug_line    0x000000000000aace      0x122 ucos-ii/src/os_time.o
 .debug_line    0x000000000000abf0      0x2e6 ucos-ii/src/os_tmr.o

.debug_str      0x0000000000000000    0x75cc9
 .debug_str     0x0000000000000000    0x71a4c Core/Src/dht11.o
                                      0x71f00 (size before relaxing)
 .debug_str     0x0000000000071a4c       0x60 Core/Src/digit.o
                                      0x71e98 (size before relaxing)
 .debug_str     0x0000000000071aac      0x827 Core/Src/main.o
                                      0x7274d (size before relaxing)
 .debug_str     0x00000000000722d3       0x84 Core/Src/stm32f1xx_hal_msp.o
                                      0x722af (size before relaxing)
 .debug_str     0x0000000000072357      0x30e Core/Src/stm32f1xx_hal_timebase_tim.o
                                      0x6b0a2 (size before relaxing)
 .debug_str     0x0000000000072665       0xcd Core/Src/stm32f1xx_it.o
                                      0x7228c (size before relaxing)
 .debug_str     0x0000000000072732       0xc2 Core/Src/system_stm32f1xx.o
                                      0x6a9c0 (size before relaxing)
 .debug_str     0x00000000000727f4       0x36 Core/Startup/startup_stm32f103c8tx.o
                                         0x7c (size before relaxing)
 .debug_str     0x000000000007282a      0x375 Drivers/STM32F1xx_HAL_Driver/Src/stm32f1xx_hal.o
                                      0x6afd1 (size before relaxing)
 .debug_str     0x0000000000072b9f      0x2c8 Drivers/STM32F1xx_HAL_Driver/Src/stm32f1xx_hal_cortex.o
                                      0x6afdf (size before relaxing)
 .debug_str     0x0000000000072e67      0x31f Drivers/STM32F1xx_HAL_Driver/Src/stm32f1xx_hal_gpio.o
                                      0x6ad0a (size before relaxing)
 .debug_str     0x0000000000073186      0x259 Drivers/STM32F1xx_HAL_Driver/Src/stm32f1xx_hal_rcc.o
                                      0x6ad43 (size before relaxing)
 .debug_str     0x00000000000733df      0xdde Drivers/STM32F1xx_HAL_Driver/Src/stm32f1xx_hal_tim.o
                                      0x6bb0e (size before relaxing)
 .debug_str     0x00000000000741bd      0x579 Drivers/STM32F1xx_HAL_Driver/Src/stm32f1xx_hal_tim_ex.o
                                      0x6b30e (size before relaxing)
 .debug_str     0x0000000000074736      0x516 Drivers/STM32F1xx_HAL_Driver/Src/stm32f1xx_hal_uart.o
                                      0x6b232 (size before relaxing)
 .debug_str     0x0000000000074c4c       0xbe ucos-ii/config/app_hooks.o
                                       0x9f25 (size before relaxing)
 .debug_str     0x0000000000074d0a       0x1b ucos-ii/port/os_cpu_a.o
                                         0x6f (size before relaxing)
 .debug_str     0x0000000000074d25      0x333 ucos-ii/port/os_cpu_c.o
                                       0x4de8 (size before relaxing)
 .debug_str     0x0000000000075058      0x2f1 ucos-ii/port/os_dbg.o
                                       0x4da7 (size before relaxing)
 .debug_str     0x0000000000075349      0x30f ucos-ii/src/os_core.o
                                       0x4df6 (size before relaxing)
 .debug_str     0x0000000000075658      0x13a ucos-ii/src/os_flag.o
                                       0x4c4d (size before relaxing)
 .debug_str     0x0000000000075792       0xde ucos-ii/src/os_mem.o
                                       0x4bc8 (size before relaxing)
 .debug_str     0x0000000000075870       0xc4 ucos-ii/src/os_q.o
                                       0x4be0 (size before relaxing)
 .debug_str     0x0000000000075934       0x99 ucos-ii/src/os_sem.o
                                       0x4bb5 (size before relaxing)
 .debug_str     0x00000000000759cd      0x14e ucos-ii/src/os_task.o
                                       0x4cba (size before relaxing)
 .debug_str     0x0000000000075b1b       0x6b ucos-ii/src/os_time.o
                                       0x4b52 (size before relaxing)
 .debug_str     0x0000000000075b86      0x143 ucos-ii/src/os_tmr.o
                                       0x4c39 (size before relaxing)

.comment        0x0000000000000000       0x7b
 .comment       0x0000000000000000       0x7b Core/Src/dht11.o
                                         0x7c (size before relaxing)
 .comment       0x000000000000007b       0x7c Core/Src/digit.o
 .comment       0x000000000000007b       0x7c Core/Src/main.o
 .comment       0x000000000000007b       0x7c Core/Src/stm32f1xx_hal_msp.o
 .comment       0x000000000000007b       0x7c Core/Src/stm32f1xx_hal_timebase_tim.o
 .comment       0x000000000000007b       0x7c Core/Src/stm32f1xx_it.o
 .comment       0x000000000000007b       0x7c Core/Src/system_stm32f1xx.o
 .comment       0x000000000000007b       0x7c Drivers/STM32F1xx_HAL_Driver/Src/stm32f1xx_hal.o
 .comment       0x000000000000007b       0x7c Drivers/STM32F1xx_HAL_Driver/Src/stm32f1xx_hal_cortex.o
 .comment       0x000000000000007b       0x7c Drivers/STM32F1xx_HAL_Driver/Src/stm32f1xx_hal_gpio.o
 .comment       0x000000000000007b       0x7c Drivers/STM32F1xx_HAL_Driver/Src/stm32f1xx_hal_rcc.o
 .comment       0x000000000000007b       0x7c Drivers/STM32F1xx_HAL_Driver/Src/stm32f1xx_hal_tim.o
 .comment       0x000000000000007b       0x7c Drivers/STM32F1xx_HAL_Driver/Src/stm32f1xx_hal_tim_ex.o
 .comment       0x000000000000007b       0x7c Drivers/STM32F1xx_HAL_Driver/Src/stm32f1xx_hal_uart.o
 .comment       0x000000000000007b       0x7c ucos-ii/config/app_hooks.o
 .comment       0x000000000000007b       0x7c ucos-ii/port/os_cpu_c.o
 .comment       0x000000000000007b       0x7c ucos-ii/port/os_dbg.o
 .comment       0x000000000000007b       0x7c ucos-ii/src/os_core.o
 .comment       0x000000000000007b       0x7c ucos-ii/src/os_flag.o
 .comment       0x000000000000007b       0x7c ucos-ii/src/os_mem.o
 .comment       0x000000000000007b       0x7c ucos-ii/src/os_q.o
 .comment       0x000000000000007b       0x7c ucos-ii/src/os_sem.o
 .comment       0x000000000000007b       0x7c ucos-ii/src/os_task.o
 .comment       0x000000000000007b       0x7c ucos-ii/src/os_time.o
 .comment       0x000000000000007b       0x7c ucos-ii/src/os_tmr.o

.debug_frame    0x0000000000000000     0x4198
 .debug_frame   0x0000000000000000       0x74 Core/Src/dht11.o
 .debug_frame   0x0000000000000074       0x58 Core/Src/digit.o
 .debug_frame   0x00000000000000cc      0x138 Core/Src/main.o
 .debug_frame   0x0000000000000204       0x80 Core/Src/stm32f1xx_hal_msp.o
 .debug_frame   0x0000000000000284       0x74 Core/Src/stm32f1xx_hal_timebase_tim.o
 .debug_frame   0x00000000000002f8      0x12c Core/Src/stm32f1xx_it.o
 .debug_frame   0x0000000000000424       0x58 Core/Src/system_stm32f1xx.o
 .debug_frame   0x000000000000047c      0x334 Drivers/STM32F1xx_HAL_Driver/Src/stm32f1xx_hal.o
 .debug_frame   0x00000000000007b0      0x428 Drivers/STM32F1xx_HAL_Driver/Src/stm32f1xx_hal_cortex.o
 .debug_frame   0x0000000000000bd8      0x14c Drivers/STM32F1xx_HAL_Driver/Src/stm32f1xx_hal_gpio.o
 .debug_frame   0x0000000000000d24      0x21c Drivers/STM32F1xx_HAL_Driver/Src/stm32f1xx_hal_rcc.o
 .debug_frame   0x0000000000000f40     0x10e8 Drivers/STM32F1xx_HAL_Driver/Src/stm32f1xx_hal_tim.o
 .debug_frame   0x0000000000002028      0x5c0 Drivers/STM32F1xx_HAL_Driver/Src/stm32f1xx_hal_tim_ex.o
 .debug_frame   0x00000000000025e8      0x834 Drivers/STM32F1xx_HAL_Driver/Src/stm32f1xx_hal_uart.o
 .debug_frame   0x0000000000002e1c      0x130 ucos-ii/config/app_hooks.o
 .debug_frame   0x0000000000002f4c      0x1cc ucos-ii/port/os_cpu_c.o
 .debug_frame   0x0000000000003118       0x38 ucos-ii/port/os_dbg.o
 .debug_frame   0x0000000000003150      0x4dc ucos-ii/src/os_core.o
 .debug_frame   0x000000000000362c      0x1f0 ucos-ii/src/os_flag.o
 .debug_frame   0x000000000000381c      0x10c ucos-ii/src/os_mem.o
 .debug_frame   0x0000000000003928      0x19c ucos-ii/src/os_q.o
 .debug_frame   0x0000000000003ac4      0x130 ucos-ii/src/os_sem.o
 .debug_frame   0x0000000000003bf4      0x258 ucos-ii/src/os_task.o
 .debug_frame   0x0000000000003e4c       0xc8 ucos-ii/src/os_time.o
 .debug_frame   0x0000000000003f14      0x238 ucos-ii/src/os_tmr.o
 .debug_frame   0x000000000000414c       0x2c d:/st/stm32cubeide_1.3.0/stm32cubeide/plugins/com.st.stm32cube.ide.mcu.externaltools.gnu-tools-for-stm32.7-2018-q2-update.win32_1.0.0.201904181610/tools/bin/../lib/gcc/arm-none-eabi/7.3.1/../../../../arm-none-eabi/lib/thumb/v7-m\libc_nano.a(lib_a-init.o)
 .debug_frame   0x0000000000004178       0x20 d:/st/stm32cubeide_1.3.0/stm32cubeide/plugins/com.st.stm32cube.ide.mcu.externaltools.gnu-tools-for-stm32.7-2018-q2-update.win32_1.0.0.201904181610/tools/bin/../lib/gcc/arm-none-eabi/7.3.1/../../../../arm-none-eabi/lib/thumb/v7-m\libc_nano.a(lib_a-memset.o)
