19:04:54 **** Incremental Build of configuration Debug for project ex5 ****
make -j8 all 
arm-none-eabi-gcc "../Core/Src/main.c" -mcpu=cortex-m3 -std=gnu11 -g3 -DUSE_HAL_DRIVER -DSTM32F103xB -DDEBUG -c -I../Drivers/CMSIS/Device/ST/STM32F1xx/Include -I../Drivers/CMSIS/Include -I../Core/Inc -I../Drivers/STM32F1xx_HAL_Driver/Inc/Legacy -I../Drivers/STM32F1xx_HAL_Driver/Inc -Og -ffunction-sections -fdata-sections -Wall -fstack-usage -MMD -MP -MF"Core/Src/main.d" -MT"Core/Src/main.o" --specs=nano.specs -mfloat-abi=soft -mthumb -o "Core/Src/main.o"
arm-none-eabi-gcc -o "ex5.elf" @"objects.list"   -mcpu=cortex-m3 -T"C:\Users\admin\Desktop\STM32_test\ebdprj\ex5\STM32F103C8TX_FLASH.ld" --specs=nosys.specs -Wl,-Map="ex5.map" -Wl,--gc-sections -static --specs=nano.specs -mfloat-abi=soft -mthumb -Wl,--start-group -lc -lm -Wl,--end-group
Finished building target: ex5.elf
 
arm-none-eabi-objdump -h -S  ex5.elf  > "ex5.list"
arm-none-eabi-objcopy  -O binary  ex5.elf  "ex5.bin"
arm-none-eabi-size   ex5.elf 
   text	   data	    bss	    dec	    hex	filename
   7552	     64	   1856	   9472	   2500	ex5.elf
Finished building: default.size.stdout
 
Finished building: ex5.bin
 
Finished building: ex5.list
 

19:04:57 Build Finished. 0 errors, 0 warnings. (took 2s.686ms)

