22:45:14 **** Incremental Build of configuration Debug for project test01 ****
make all 
arm-none-eabi-gcc "../test01.c" -std=gnu11 -g -c -O0 -ffunction-sections -fdata-sections -Wall -fstack-usage -MMD -MP -MF"test01.d" -MT"test01.o" --specs=nano.specs -mfloat-abi=soft -mthumb -o "test01.o"
../test01.c: In function 'main':
../test01.c:11:9: warning: character constant too long for its type
  printf('Hello World!');
         ^~~~~~~~~~~~~~
../test01.c:11:9: warning: passing argument 1 of 'printf' makes pointer from integer without a cast [-Wint-conversion]
In file included from ../test01.c:7:0:
d:\st\stm32cubeide_1.3.0\stm32cubeide\plugins\com.st.stm32cube.ide.mcu.externaltools.gnu-tools-for-stm32.7-2018-q2-update.win32_1.0.0.201904181610\tools\arm-none-eabi\include\stdio.h:200:5: note: expected 'const char * restrict' but argument is of type 'int'
 int printf (const char *__restrict, ...)
     ^~~~~~
arm-none-eabi-gcc -o "test01.elf" @"objects.list"   --specs=nosys.specs -Wl,-Map="test01.map" -Wl,--gc-sections -static --specs=nano.specs -mfloat-abi=soft -mthumb -Wl,--start-group -lc -lm -Wl,--end-group
Finished building target: test01.elf
 
arm-none-eabi-objdump -h -S  test01.elf  > "test01.list"
Finished building: test01.list
 
arm-none-eabi-objcopy  -O binary  test01.elf  "test01.bin"
Finished building: test01.bin
 
arm-none-eabi-size   test01.elf 
   text	   data	    bss	    dec	    hex	filename
   4947	    108	     44	   5099	   13eb	test01.elf
Finished building: default.size.stdout
 

22:45:15 Build Finished. 0 errors, 2 warnings. (took 1s.151ms)

